Archive member included to satisfy reference by file (symbol)

c:/st/stm32cubeide_1.9.0/stm32cubeide/plugins/com.st.stm32cube.ide.mcu.externaltools.gnu-tools-for-stm32.10.3-2021.10.win32_1.0.0.202111181127/tools/bin/../lib/gcc/arm-none-eabi/10.3.1/../../../../arm-none-eabi/lib/thumb/v7e-m+fp/hard\libc_nano.a(lib_a-errno.o)
                              ./Core/Src/syscalls.o (__errno)
c:/st/stm32cubeide_1.9.0/stm32cubeide/plugins/com.st.stm32cube.ide.mcu.externaltools.gnu-tools-for-stm32.10.3-2021.10.win32_1.0.0.202111181127/tools/bin/../lib/gcc/arm-none-eabi/10.3.1/../../../../arm-none-eabi/lib/thumb/v7e-m+fp/hard\libc_nano.a(lib_a-exit.o)
                              c:/st/stm32cubeide_1.9.0/stm32cubeide/plugins/com.st.stm32cube.ide.mcu.externaltools.gnu-tools-for-stm32.10.3-2021.10.win32_1.0.0.202111181127/tools/bin/../lib/gcc/arm-none-eabi/10.3.1/../../../../arm-none-eabi/lib/thumb/v7e-m+fp/hard/crt0.o (exit)
c:/st/stm32cubeide_1.9.0/stm32cubeide/plugins/com.st.stm32cube.ide.mcu.externaltools.gnu-tools-for-stm32.10.3-2021.10.win32_1.0.0.202111181127/tools/bin/../lib/gcc/arm-none-eabi/10.3.1/../../../../arm-none-eabi/lib/thumb/v7e-m+fp/hard\libc_nano.a(lib_a-impure.o)
                              c:/st/stm32cubeide_1.9.0/stm32cubeide/plugins/com.st.stm32cube.ide.mcu.externaltools.gnu-tools-for-stm32.10.3-2021.10.win32_1.0.0.202111181127/tools/bin/../lib/gcc/arm-none-eabi/10.3.1/../../../../arm-none-eabi/lib/thumb/v7e-m+fp/hard\libc_nano.a(lib_a-exit.o) (_global_impure_ptr)
c:/st/stm32cubeide_1.9.0/stm32cubeide/plugins/com.st.stm32cube.ide.mcu.externaltools.gnu-tools-for-stm32.10.3-2021.10.win32_1.0.0.202111181127/tools/bin/../lib/gcc/arm-none-eabi/10.3.1/../../../../arm-none-eabi/lib/thumb/v7e-m+fp/hard\libc_nano.a(lib_a-init.o)
                              c:/st/stm32cubeide_1.9.0/stm32cubeide/plugins/com.st.stm32cube.ide.mcu.externaltools.gnu-tools-for-stm32.10.3-2021.10.win32_1.0.0.202111181127/tools/bin/../lib/gcc/arm-none-eabi/10.3.1/../../../../arm-none-eabi/lib/thumb/v7e-m+fp/hard/crt0.o (__libc_init_array)
c:/st/stm32cubeide_1.9.0/stm32cubeide/plugins/com.st.stm32cube.ide.mcu.externaltools.gnu-tools-for-stm32.10.3-2021.10.win32_1.0.0.202111181127/tools/bin/../lib/gcc/arm-none-eabi/10.3.1/../../../../arm-none-eabi/lib/thumb/v7e-m+fp/hard\libc_nano.a(lib_a-memset.o)
                              c:/st/stm32cubeide_1.9.0/stm32cubeide/plugins/com.st.stm32cube.ide.mcu.externaltools.gnu-tools-for-stm32.10.3-2021.10.win32_1.0.0.202111181127/tools/bin/../lib/gcc/arm-none-eabi/10.3.1/../../../../arm-none-eabi/lib/thumb/v7e-m+fp/hard/crt0.o (memset)
c:/st/stm32cubeide_1.9.0/stm32cubeide/plugins/com.st.stm32cube.ide.mcu.externaltools.gnu-tools-for-stm32.10.3-2021.10.win32_1.0.0.202111181127/tools/bin/../lib/gcc/arm-none-eabi/10.3.1/../../../../arm-none-eabi/lib/thumb/v7e-m+fp/hard\libm.a(lib_a-s_cos.o)
                              ./Core/Lib/periferije/ENCODER/encoder.o (cos)
c:/st/stm32cubeide_1.9.0/stm32cubeide/plugins/com.st.stm32cube.ide.mcu.externaltools.gnu-tools-for-stm32.10.3-2021.10.win32_1.0.0.202111181127/tools/bin/../lib/gcc/arm-none-eabi/10.3.1/../../../../arm-none-eabi/lib/thumb/v7e-m+fp/hard\libm.a(lib_a-s_sin.o)
                              ./Core/Lib/periferije/ENCODER/encoder.o (sin)
c:/st/stm32cubeide_1.9.0/stm32cubeide/plugins/com.st.stm32cube.ide.mcu.externaltools.gnu-tools-for-stm32.10.3-2021.10.win32_1.0.0.202111181127/tools/bin/../lib/gcc/arm-none-eabi/10.3.1/../../../../arm-none-eabi/lib/thumb/v7e-m+fp/hard\libm.a(lib_a-sf_cos.o)
                              ./Core/Lib/periferije/PWM/pwm.o (cosf)
c:/st/stm32cubeide_1.9.0/stm32cubeide/plugins/com.st.stm32cube.ide.mcu.externaltools.gnu-tools-for-stm32.10.3-2021.10.win32_1.0.0.202111181127/tools/bin/../lib/gcc/arm-none-eabi/10.3.1/../../../../arm-none-eabi/lib/thumb/v7e-m+fp/hard\libm.a(lib_a-sf_sin.o)
                              ./Core/Lib/periferije/PWM/pwm.o (sinf)
c:/st/stm32cubeide_1.9.0/stm32cubeide/plugins/com.st.stm32cube.ide.mcu.externaltools.gnu-tools-for-stm32.10.3-2021.10.win32_1.0.0.202111181127/tools/bin/../lib/gcc/arm-none-eabi/10.3.1/../../../../arm-none-eabi/lib/thumb/v7e-m+fp/hard\libm.a(lib_a-w_sqrt.o)
                              ./Core/Lib/periferije/PWM/pwm.o (sqrt)
c:/st/stm32cubeide_1.9.0/stm32cubeide/plugins/com.st.stm32cube.ide.mcu.externaltools.gnu-tools-for-stm32.10.3-2021.10.win32_1.0.0.202111181127/tools/bin/../lib/gcc/arm-none-eabi/10.3.1/../../../../arm-none-eabi/lib/thumb/v7e-m+fp/hard\libm.a(lib_a-wf_atan2.o)
                              ./Core/Lib/periferije/PWM/pwm.o (atan2f)
c:/st/stm32cubeide_1.9.0/stm32cubeide/plugins/com.st.stm32cube.ide.mcu.externaltools.gnu-tools-for-stm32.10.3-2021.10.win32_1.0.0.202111181127/tools/bin/../lib/gcc/arm-none-eabi/10.3.1/../../../../arm-none-eabi/lib/thumb/v7e-m+fp/hard\libm.a(lib_a-e_rem_pio2.o)
[...]
Memory Configuration

Name             Origin             Length             Attributes
RAM              0x0000000020000000 0x0000000000018000 xrw
FLASH            0x0000000008000000 0x0000000000080000 xr
*default*        0x0000000000000000 0xffffffffffffffff

Linker script and memory map

LOAD c:/st/stm32cubeide_1.9.0/stm32cubeide/plugins/com.st.stm32cube.ide.mcu.externaltools.gnu-tools-for-stm32.10.3-2021.10.win32_1.0.0.202111181127/tools/bin/../lib/gcc/arm-none-eabi/10.3.1/thumb/v7e-m+fp/hard/crti.o
LOAD c:/st/stm32cubeide_1.9.0/stm32cubeide/plugins/com.st.stm32cube.ide.mcu.externaltools.gnu-tools-for-stm32.10.3-2021.10.win32_1.0.0.202111181127/tools/bin/../lib/gcc/arm-none-eabi/10.3.1/thumb/v7e-m+fp/hard/crtbegin.o
LOAD c:/st/stm32cubeide_1.9.0/stm32cubeide/plugins/com.st.stm32cube.ide.mcu.externaltools.gnu-tools-for-stm32.10.3-2021.10.win32_1.0.0.202111181127/tools/bin/../lib/gcc/arm-none-eabi/10.3.1/../../../../arm-none-eabi/lib/thumb/v7e-m+fp/hard/crt0.o
LOAD ./Core/Lib/periferije/ENCODER/encoder.o
LOAD ./Core/Lib/periferije/PWM/pwm.o
LOAD ./Core/Lib/periferije/TIM11/tim11.o
LOAD ./Core/Lib/periferije/USART1/usart1.o
LOAD ./Core/Src/main.o
LOAD ./Core/Src/stm32f4xx_hal_msp.o
LOAD ./Core/Src/stm32f4xx_it.o
LOAD ./Core/Src/syscalls.o
LOAD ./Core/Src/sysmem.o
LOAD ./Core/Src/system_stm32f4xx.o
LOAD ./Core/Startup/startup_stm32f401retx.o
LOAD ./Drivers/STM32F4xx_HAL_Driver/Src/stm32f4xx_hal.o
LOAD ./Drivers/STM32F4xx_HAL_Driver/Src/stm32f4xx_hal_cortex.o
LOAD ./Drivers/STM32F4xx_HAL_Driver/Src/stm32f4xx_hal_dma.o
LOAD ./Drivers/STM32F4xx_HAL_Driver/Src/stm32f4xx_hal_dma_ex.o
LOAD ./Drivers/STM32F4xx_HAL_Driver/Src/stm32f4xx_hal_exti.o
LOAD ./Drivers/STM32F4xx_HAL_Driver/Src/stm32f4xx_hal_flash.o
LOAD ./Drivers/STM32F4xx_HAL_Driver/Src/stm32f4xx_hal_flash_ex.o
LOAD ./Drivers/STM32F4xx_HAL_Driver/Src/stm32f4xx_hal_flash_ramfunc.o
LOAD ./Drivers/STM32F4xx_HAL_Driver/Src/stm32f4xx_hal_gpio.o
LOAD ./Drivers/STM32F4xx_HAL_Driver/Src/stm32f4xx_hal_pwr.o
LOAD ./Drivers/STM32F4xx_HAL_Driver/Src/stm32f4xx_hal_pwr_ex.o
LOAD ./Drivers/STM32F4xx_HAL_Driver/Src/stm32f4xx_hal_rcc.o
LOAD ./Drivers/STM32F4xx_HAL_Driver/Src/stm32f4xx_hal_rcc_ex.o
LOAD ./Drivers/STM32F4xx_HAL_Driver/Src/stm32f4xx_hal_tim.o
LOAD ./Drivers/STM32F4xx_HAL_Driver/Src/stm32f4xx_hal_tim_ex.o
LOAD ./Drivers/STM32F4xx_HAL_Driver/Src/stm32f4xx_hal_uart.o
START GROUP
LOAD c:/st/stm32cubeide_1.9.0/stm32cubeide/plugins/com.st.stm32cube.ide.mcu.externaltools.gnu-tools-for-stm32.10.3-2021.10.win32_1.0.0.202111181127/tools/bin/../lib/gcc/arm-none-eabi/10.3.1/../../../../arm-none-eabi/lib/thumb/v7e-m+fp/hard\libc_nano.a
LOAD c:/st/stm32cubeide_1.9.0/stm32cubeide/plugins/com.st.stm32cube.ide.mcu.externaltools.gnu-tools-for-stm32.10.3-2021.10.win32_1.0.0.202111181127/tools/bin/../lib/gcc/arm-none-eabi/10.3.1/../../../../arm-none-eabi/lib/thumb/v7e-m+fp/hard\libm.a
END GROUP
START GROUP
LOAD c:/st/stm32cubeide_1.9.0/stm32cubeide/plugins/com.st.stm32cube.ide.mcu.externaltools.gnu-tools-for-stm32.10.3-2021.10.win32_1.0.0.202111181127/tools/bin/../lib/gcc/arm-none-eabi/10.3.1/thumb/v7e-m+fp/hard\libgcc.a
LOAD c:/st/stm32cubeide_1.9.0/stm32cubeide/plugins/com.st.stm32cube.ide.mcu.externaltools.gnu-tools-for-stm32.10.3-2021.10.win32_1.0.0.202111181127/tools/bin/../lib/gcc/arm-none-eabi/10.3.1/../../../../arm-none-eabi/lib/thumb/v7e-m+fp/hard\libc_nano.a
END GROUP
START GROUP
LOAD c:/st/stm32cubeide_1.9.0/stm32cubeide/plugins/com.st.stm32cube.ide.mcu.externaltools.gnu-tools-for-stm32.10.3-2021.10.win32_1.0.0.202111181127/tools/bin/../lib/gcc/arm-none-eabi/10.3.1/thumb/v7e-m+fp/hard\libgcc.a
LOAD c:/st/stm32cubeide_1.9.0/stm32cubeide/plugins/com.st.stm32cube.ide.mcu.externaltools.gnu-tools-for-stm32.10.3-2021.10.win32_1.0.0.202111181127/tools/bin/../lib/gcc/arm-none-eabi/10.3.1/../../../../arm-none-eabi/lib/thumb/v7e-m+fp/hard\libc_nano.a
LOAD c:/st/stm32cubeide_1.9.0/stm32cubeide/plugins/com.st.stm32cube.ide.mcu.externaltools.gnu-tools-for-stm32.10.3-2021.10.win32_1.0.0.202111181127/tools/bin/../lib/gcc/arm-none-eabi/10.3.1/../../../../arm-none-eabi/lib/thumb/v7e-m+fp/hard\libnosys.a
END GROUP
START GROUP
LOAD c:/st/stm32cubeide_1.9.0/stm32cubeide/plugins/com.st.stm32cube.ide.mcu.externaltools.gnu-tools-for-stm32.10.3-2021.10.win32_1.0.0.202111181127/tools/bin/../lib/gcc/arm-none-eabi/10.3.1/thumb/v7e-m+fp/hard\libgcc.a
LOAD c:/st/stm32cubeide_1.9.0/stm32cubeide/plugins/com.st.stm32cube.ide.mcu.externaltools.gnu-tools-for-stm32.10.3-2021.10.win32_1.0.0.202111181127/tools/bin/../lib/gcc/arm-none-eabi/10.3.1/../../../../arm-none-eabi/lib/thumb/v7e-m+fp/hard\libc_nano.a
LOAD c:/st/stm32cubeide_1.9.0/stm32cubeide/plugins/com.st.stm32cube.ide.mcu.externaltools.gnu-tools-for-stm32.10.3-2021.10.win32_1.0.0.202111181127/tools/bin/../lib/gcc/arm-none-eabi/10.3.1/../../../../arm-none-eabi/lib/thumb/v7e-m+fp/hard\libnosys.a
END GROUP
LOAD c:/st/stm32cubeide_1.9.0/stm32cubeide/plugins/com.st.stm32cube.ide.mcu.externaltools.gnu-tools-for-stm32.10.3-2021.10.win32_1.0.0.202111181127/tools/bin/../lib/gcc/arm-none-eabi/10.3.1/thumb/v7e-m+fp/hard/crtend.o
LOAD c:/st/stm32cubeide_1.9.0/stm32cubeide/plugins/com.st.stm32cube.ide.mcu.externaltools.gnu-tools-for-stm32.10.3-2021.10.win32_1.0.0.202111181127/tools/bin/../lib/gcc/arm-none-eabi/10.3.1/thumb/v7e-m+fp/hard/crtn.o
                0x0000000020018000                _estack = (ORIGIN (RAM) + LENGTH (RAM))
                0x0000000000000200                _Min_Heap_Size = 0x200
                0x0000000000000400                _Min_Stack_Size = 0x400

.isr_vector     0x0000000008000000      0x194
                0x0000000008000000                . = ALIGN (0x4)
 *(.isr_vector)
 .isr_vector    0x0000000008000000      0x194 ./Core/Startup/startup_stm32f401retx.o
                0x0000000008000000                g_pfnVectors
                0x0000000008000194                . = ALIGN (0x4)

.text           0x0000000008000198     0x89ac
                0x0000000008000198                . = ALIGN (0x4)
 *(.text)
 .text          0x0000000008000198       0x40 c:/st/stm32cubeide_1.9.0/stm32cubeide/plugins/com.st.stm32cube.ide.mcu.externaltools.gnu-tools-for-stm32.10.3-2021.10.win32_1.0.0.202111181127/tools/bin/../lib/gcc/arm-none-eabi/10.3.1/thumb/v7e-m+fp/hard/crtbegin.o
 .text          0x00000000080001d8      0x378 c:/st/stm32cubeide_1.9.0/stm32cubeide/plugins/com.st.stm32cube.ide.mcu.externaltools.gnu-tools-for-stm32.10.3-2021.10.win32_1.0.0.202111181127/tools/bin/../lib/gcc/arm-none-eabi/10.3.1/thumb/v7e-m+fp/hard\libgcc.a(_arm_addsubdf3.o)
                0x00000000080001d8                __aeabi_drsub
                0x00000000080001e0                __aeabi_dsub
                0x00000000080001e0                __subdf3
                0x00000000080001e4                __aeabi_dadd
                0x00000000080001e4                __adddf3
                0x000000000800045c                __floatunsidf
                0x000000000800045c                __aeabi_ui2d
                0x000000000800047c                __floatsidf
                0x000000000800047c                __aeabi_i2d
                0x00000000080004a0                __aeabi_f2d
                0x00000000080004a0                __extendsfdf2
                0x00000000080004e4                __floatundidf
                0x00000000080004e4                __aeabi_ul2d
                0x00000000080004f4                __floatdidf
                0x00000000080004f4                __aeabi_l2d
 .text          0x0000000008000550      0x424 c:/st/stm32cubeide_1.9.0/stm32cubeide/plugins/com.st.stm32cube.ide.mcu.externaltools.gnu-tools-for-stm32.10.3-2021.10.win32_1.0.0.202111181127/tools/bin/../lib/gcc/arm-none-eabi/10.3.1/thumb/v7e-m+fp/hard\libgcc.a(_arm_muldivdf3.o)
                0x0000000008000550                __aeabi_dmul
                0x0000000008000550                __muldf3
                0x00000000080007a4                __divdf3
                0x00000000080007a4                __aeabi_ddiv
 .text          0x0000000008000974      0x110 c:/st/stm32cubeide_1.9.0/stm32cubeide/plugins/com.st.stm32cube.ide.mcu.externaltools.gnu-tools-for-stm32.10.3-2021.10.win32_1.0.0.202111181127/tools/bin/../lib/gcc/arm-none-eabi/10.3.1/thumb/v7e-m+fp/hard\libgcc.a(_arm_cmpdf2.o)
                0x0000000008000974                __gtdf2
                0x0000000008000974                __gedf2
                0x000000000800097c                __ltdf2
                0x000000000800097c                __ledf2
                0x0000000008000984                __nedf2
                0x0000000008000984                __eqdf2
                0x0000000008000984                __cmpdf2
                0x0000000008000a00                __aeabi_cdrcmple
                0x0000000008000a10                __aeabi_cdcmpeq
                0x0000000008000a10                __aeabi_cdcmple
                0x0000000008000a20                __aeabi_dcmpeq
                0x0000000008000a34                __aeabi_dcmplt
                0x0000000008000a48                __aeabi_dcmple
                0x0000000008000a5c                __aeabi_dcmpge
                0x0000000008000a70                __aeabi_dcmpgt
 .text          0x0000000008000a84       0x2c c:/st/stm32cubeide_1.9.0/stm32cubeide/plugins/com.st.stm32cube.ide.mcu.externaltools.gnu-tools-for-stm32.10.3-2021.10.win32_1.0.0.202111181127/tools/bin/../lib/gcc/arm-none-eabi/10.3.1/thumb/v7e-m+fp/hard\libgcc.a(_arm_unorddf2.o)
                0x0000000008000a84                __unorddf2
                0x0000000008000a84                __aeabi_dcmpun
 .text          0x0000000008000ab0       0x50 c:/st/stm32cubeide_1.9.0/stm32cubeide/plugins/com.st.stm32cube.ide.mcu.externaltools.gnu-tools-for-stm32.10.3-2021.10.win32_1.0.0.202111181127/tools/bin/../lib/gcc/arm-none-eabi/10.3.1/thumb/v7e-m+fp/hard\libgcc.a(_arm_fixdfsi.o)
                0x0000000008000ab0                __aeabi_d2iz
                0x0000000008000ab0                __fixdfsi
 .text          0x0000000008000b00       0xa0 c:/st/stm32cubeide_1.9.0/stm32cubeide/plugins/com.st.stm32cube.ide.mcu.externaltools.gnu-tools-for-stm32.10.3-2021.10.win32_1.0.0.202111181127/tools/bin/../lib/gcc/arm-none-eabi/10.3.1/thumb/v7e-m+fp/hard\libgcc.a(_arm_truncdfsf2.o)
                0x0000000008000b00                __truncdfsf2
                0x0000000008000b00                __aeabi_d2f
 .text          0x0000000008000ba0       0x30 c:/st/stm32cubeide_1.9.0/stm32cubeide/plugins/com.st.stm32cube.ide.mcu.externaltools.gnu-tools-for-stm32.10.3-2021.10.win32_1.0.0.202111181127/tools/bin/../lib/gcc/arm-none-eabi/10.3.1/thumb/v7e-m+fp/hard\libgcc.a(_aeabi_uldivmod.o)
                0x0000000008000ba0                __aeabi_uldivmod
 .text          0x0000000008000bd0      0x2d0 c:/st/stm32cubeide_1.9.0/stm32cubeide/plugins/com.st.stm32cube.ide.mcu.externaltools.gnu-tools-for-stm32.10.3-2021.10.win32_1.0.0.202111181127/tools/bin/../lib/gcc/arm-none-eabi/10.3.1/thumb/v7e-m+fp/hard\libgcc.a(_udivmoddi4.o)
                0x0000000008000bd0                __udivmoddi4
 .text          0x0000000008000ea0        0x4 c:/st/stm32cubeide_1.9.0/stm32cubeide/plugins/com.st.stm32cube.ide.mcu.externaltools.gnu-tools-for-stm32.10.3-2021.10.win32_1.0.0.202111181127/tools/bin/../lib/gcc/arm-none-eabi/10.3.1/thumb/v7e-m+fp/hard\libgcc.a(_dvmd_tls.o)
                0x0000000008000ea0                __aeabi_idiv0
                0x0000000008000ea0                __aeabi_ldiv0
 *(.text*)
 .text.read_cnt_tim4
                0x0000000008000ea4       0x18 ./Core/Lib/periferije/ENCODER/encoder.o
                0x0000000008000ea4                read_cnt_tim4
 .text.read_cnt_tim3
                0x0000000008000ebc       0x18 ./Core/Lib/periferije/ENCODER/encoder.o
                0x0000000008000ebc                read_cnt_tim3
 *fill*         0x0000000008000ed4        0x4 
 .text.sens_robot
                0x0000000008000ed8      0x288 ./Core/Lib/periferije/ENCODER/encoder.o
                0x0000000008000ed8                sens_robot
 .text.pid_init
                0x0000000008001160       0x9c ./Core/Lib/periferije/PWM/pwm.o
                0x0000000008001160                pid_init
 .text.medju_stanje
                0x00000000080011fc       0x20 ./Core/Lib/periferije/PWM/pwm.o
                0x00000000080011fc                medju_stanje
 .text.faktor_ispune_t1_smer1
                0x000000000800121c       0x5c ./Core/Lib/periferije/PWM/pwm.o
                0x000000000800121c                faktor_ispune_t1_smer1
 .text.faktor_ispune_t1_smer2
                0x0000000008001278       0x5c ./Core/Lib/periferije/PWM/pwm.o
                0x0000000008001278                faktor_ispune_t1_smer2
 .text.faktor_ispune_t2_smer2
                0x00000000080012d4       0x5c ./Core/Lib/periferije/PWM/pwm.o
                0x00000000080012d4                faktor_ispune_t2_smer2
 .text.faktor_ispune_t2_smer1
                0x0000000008001330       0x5c ./Core/Lib/periferije/PWM/pwm.o
                0x0000000008001330                faktor_ispune_t2_smer1
 *fill*         0x000000000800138c        0x4 
 .text.regulacija
                0x0000000008001390     0x1388 ./Core/Lib/periferije/PWM/pwm.o
                0x0000000008001390                regulacija
 .text.tim5_init
                0x0000000008002718       0x7c ./Core/Lib/periferije/TIM11/tim11.o
                0x0000000008002718                tim5_init
 .text.TIM5_IRQHandler
                0x0000000008002794      0x110 ./Core/Lib/periferije/TIM11/tim11.o
                0x0000000008002794                TIM5_IRQHandler
 .text.main     0x00000000080028a4      0xe80 ./Core/Src/main.o
                0x00000000080028a4                main
 .text.SystemClock_Config
                0x0000000008003724       0xd4 ./Core/Src/main.o
                0x0000000008003724                SystemClock_Config
 .text.MX_TIM1_Init
                0x00000000080037f8      0x188 ./Core/Src/main.o
 .text.MX_TIM3_Init
                0x0000000008003980       0xa8 ./Core/Src/main.o
 .text.MX_TIM4_Init
                0x0000000008003a28       0xa8 ./Core/Src/main.o
 .text.MX_USART6_UART_Init
                0x0000000008003ad0       0x54 ./Core/Src/main.o
 .text.MX_GPIO_Init
                0x0000000008003b24      0x104 ./Core/Src/main.o
 .text.Error_Handler
                0x0000000008003c28        0xa ./Core/Src/main.o
                0x0000000008003c28                Error_Handler
 *fill*         0x0000000008003c32        0x2 
 .text.HAL_MspInit
                0x0000000008003c34       0x50 ./Core/Src/stm32f4xx_hal_msp.o
                0x0000000008003c34                HAL_MspInit
 .text.HAL_TIM_Base_MspInit
                0x0000000008003c84       0x60 ./Core/Src/stm32f4xx_hal_msp.o
                0x0000000008003c84                HAL_TIM_Base_MspInit
 .text.HAL_TIM_Encoder_MspInit
                0x0000000008003ce4      0x11c ./Core/Src/stm32f4xx_hal_msp.o
                0x0000000008003ce4                HAL_TIM_Encoder_MspInit
 .text.HAL_TIM_MspPostInit
                0x0000000008003e00       0x74 ./Core/Src/stm32f4xx_hal_msp.o
                0x0000000008003e00                HAL_TIM_MspPostInit
 .text.HAL_UART_MspInit
                0x0000000008003e74       0xb0 ./Core/Src/stm32f4xx_hal_msp.o
                0x0000000008003e74                HAL_UART_MspInit
 .text.NMI_Handler
                0x0000000008003f24        0x6 ./Core/Src/stm32f4xx_it.o
                0x0000000008003f24                NMI_Handler
 .text.HardFault_Handler
                0x0000000008003f2a        0x6 ./Core/Src/stm32f4xx_it.o
                0x0000000008003f2a                HardFault_Handler
 .text.MemManage_Handler
                0x0000000008003f30        0x6 ./Core/Src/stm32f4xx_it.o
                0x0000000008003f30                MemManage_Handler
 .text.BusFault_Handler
                0x0000000008003f36        0x6 ./Core/Src/stm32f4xx_it.o
                0x0000000008003f36                BusFault_Handler
 .text.UsageFault_Handler
                0x0000000008003f3c        0x6 ./Core/Src/stm32f4xx_it.o
                0x0000000008003f3c                UsageFault_Handler
 .text.SVC_Handler
                0x0000000008003f42        0xe ./Core/Src/stm32f4xx_it.o
                0x0000000008003f42                SVC_Handler
 .text.DebugMon_Handler
                0x0000000008003f50        0xe ./Core/Src/stm32f4xx_it.o
                0x0000000008003f50                DebugMon_Handler
 .text.PendSV_Handler
                0x0000000008003f5e        0xe ./Core/Src/stm32f4xx_it.o
                0x0000000008003f5e                PendSV_Handler
 .text.SysTick_Handler
                0x0000000008003f6c        0xc ./Core/Src/stm32f4xx_it.o
                0x0000000008003f6c                SysTick_Handler
 .text.TIM1_BRK_TIM9_IRQHandler
                0x0000000008003f78       0x14 ./Core/Src/stm32f4xx_it.o
                0x0000000008003f78                TIM1_BRK_TIM9_IRQHandler
 .text.TIM1_CC_IRQHandler
                0x0000000008003f8c       0x14 ./Core/Src/stm32f4xx_it.o
                0x0000000008003f8c                TIM1_CC_IRQHandler
 .text.TIM3_IRQHandler
                0x0000000008003fa0       0x14 ./Core/Src/stm32f4xx_it.o
                0x0000000008003fa0                TIM3_IRQHandler
 .text.TIM4_IRQHandler
                0x0000000008003fb4       0x14 ./Core/Src/stm32f4xx_it.o
                0x0000000008003fb4                TIM4_IRQHandler
 .text.USART6_IRQHandler
                0x0000000008003fc8       0x38 ./Core/Src/stm32f4xx_it.o
                0x0000000008003fc8                USART6_IRQHandler
 .text.SystemInit
                0x0000000008004000       0x24 ./Core/Src/system_stm32f4xx.o
                0x0000000008004000                SystemInit
 .text.Reset_Handler
                0x0000000008004024       0x50 ./Core/Startup/startup_stm32f401retx.o
                0x0000000008004024                Reset_Handler
 .text.Default_Handler
                0x0000000008004074        0x2 ./Core/Startup/startup_stm32f401retx.o
                0x0000000008004074                RTC_Alarm_IRQHandler
                0x0000000008004074                EXTI2_IRQHandler
                0x0000000008004074                SPI4_IRQHandler
                0x0000000008004074                DMA2_Stream5_IRQHandler
                0x0000000008004074                DMA1_Stream5_IRQHandler
                0x0000000008004074                PVD_IRQHandler
                0x0000000008004074                SDIO_IRQHandler
                0x0000000008004074                TAMP_STAMP_IRQHandler
                0x0000000008004074                EXTI3_IRQHandler
                0x0000000008004074                TIM1_UP_TIM10_IRQHandler
                0x0000000008004074                I2C3_ER_IRQHandler
                0x0000000008004074                EXTI0_IRQHandler
                0x0000000008004074                I2C2_EV_IRQHandler
                0x0000000008004074                DMA1_Stream2_IRQHandler
                0x0000000008004074                FPU_IRQHandler
                0x0000000008004074                DMA2_Stream2_IRQHandler
                0x0000000008004074                SPI1_IRQHandler
                0x0000000008004074                DMA2_Stream3_IRQHandler
                0x0000000008004074                DMA2_Stream0_IRQHandler
                0x0000000008004074                I2C1_EV_IRQHandler
                0x0000000008004074                DMA1_Stream6_IRQHandler
                0x0000000008004074                DMA1_Stream1_IRQHandler
                0x0000000008004074                RCC_IRQHandler
                0x0000000008004074                Default_Handler
                0x0000000008004074                EXTI15_10_IRQHandler
                0x0000000008004074                ADC_IRQHandler
                0x0000000008004074                DMA1_Stream7_IRQHandler
                0x0000000008004074                DMA2_Stream7_IRQHandler
                0x0000000008004074                I2C3_EV_IRQHandler
                0x0000000008004074                EXTI9_5_IRQHandler
                0x0000000008004074                RTC_WKUP_IRQHandler
                0x0000000008004074                SPI2_IRQHandler
                0x0000000008004074                DMA1_Stream0_IRQHandler
                0x0000000008004074                EXTI4_IRQHandler
                0x0000000008004074                WWDG_IRQHandler
                0x0000000008004074                TIM2_IRQHandler
                0x0000000008004074                OTG_FS_WKUP_IRQHandler
                0x0000000008004074                TIM1_TRG_COM_TIM11_IRQHandler
                0x0000000008004074                EXTI1_IRQHandler
                0x0000000008004074                USART2_IRQHandler
                0x0000000008004074                I2C2_ER_IRQHandler
                0x0000000008004074                DMA2_Stream1_IRQHandler
                0x0000000008004074                FLASH_IRQHandler
                0x0000000008004074                DMA2_Stream4_IRQHandler
                0x0000000008004074                USART1_IRQHandler
                0x0000000008004074                OTG_FS_IRQHandler
                0x0000000008004074                SPI3_IRQHandler
                0x0000000008004074                DMA1_Stream4_IRQHandler
                0x0000000008004074                I2C1_ER_IRQHandler
                0x0000000008004074                DMA2_Stream6_IRQHandler
                0x0000000008004074                DMA1_Stream3_IRQHandler
 *fill*         0x0000000008004076        0x2 
 .text.HAL_Init
                0x0000000008004078       0x44 ./Drivers/STM32F4xx_HAL_Driver/Src/stm32f4xx_hal.o
                0x0000000008004078                HAL_Init
 .text.HAL_InitTick
                0x00000000080040bc       0x60 ./Drivers/STM32F4xx_HAL_Driver/Src/stm32f4xx_hal.o
                0x00000000080040bc                HAL_InitTick
 .text.HAL_IncTick
                0x000000000800411c       0x28 ./Drivers/STM32F4xx_HAL_Driver/Src/stm32f4xx_hal.o
                0x000000000800411c                HAL_IncTick
 .text.HAL_GetTick
                0x0000000008004144       0x18 ./Drivers/STM32F4xx_HAL_Driver/Src/stm32f4xx_hal.o
                0x0000000008004144                HAL_GetTick
 .text.HAL_Delay
                0x000000000800415c       0x48 ./Drivers/STM32F4xx_HAL_Driver/Src/stm32f4xx_hal.o
                0x000000000800415c                HAL_Delay
 .text.__NVIC_SetPriorityGrouping
                0x00000000080041a4       0x48 ./Drivers/STM32F4xx_HAL_Driver/Src/stm32f4xx_hal_cortex.o
 .text.__NVIC_GetPriorityGrouping
                0x00000000080041ec       0x1c ./Drivers/STM32F4xx_HAL_Driver/Src/stm32f4xx_hal_cortex.o
 .text.__NVIC_EnableIRQ
                0x0000000008004208       0x3c ./Drivers/STM32F4xx_HAL_Driver/Src/stm32f4xx_hal_cortex.o
 .text.__NVIC_SetPriority
                0x0000000008004244       0x54 ./Drivers/STM32F4xx_HAL_Driver/Src/stm32f4xx_hal_cortex.o
 .text.NVIC_EncodePriority
                0x0000000008004298       0x66 ./Drivers/STM32F4xx_HAL_Driver/Src/stm32f4xx_hal_cortex.o
 *fill*         0x00000000080042fe        0x2 
 .text.SysTick_Config
                0x0000000008004300       0x44 ./Drivers/STM32F4xx_HAL_Driver/Src/stm32f4xx_hal_cortex.o
 .text.HAL_NVIC_SetPriorityGrouping
                0x0000000008004344       0x16 ./Drivers/STM32F4xx_HAL_Driver/Src/stm32f4xx_hal_cortex.o
                0x0000000008004344                HAL_NVIC_SetPriorityGrouping
 .text.HAL_NVIC_SetPriority
                0x000000000800435a       0x38 ./Drivers/STM32F4xx_HAL_Driver/Src/stm32f4xx_hal_cortex.o
                0x000000000800435a                HAL_NVIC_SetPriority
 .text.HAL_NVIC_EnableIRQ
                0x0000000008004392       0x1c ./Drivers/STM32F4xx_HAL_Driver/Src/stm32f4xx_hal_cortex.o
                0x0000000008004392                HAL_NVIC_EnableIRQ
 .text.HAL_SYSTICK_Config
                0x00000000080043ae       0x18 ./Drivers/STM32F4xx_HAL_Driver/Src/stm32f4xx_hal_cortex.o
                0x00000000080043ae                HAL_SYSTICK_Config
 *fill*         0x00000000080043c6        0x2 
 .text.HAL_GPIO_Init
                0x00000000080043c8      0x308 ./Drivers/STM32F4xx_HAL_Driver/Src/stm32f4xx_hal_gpio.o
                0x00000000080043c8                HAL_GPIO_Init
 .text.HAL_GPIO_WritePin
                0x00000000080046d0       0x32 ./Drivers/STM32F4xx_HAL_Driver/Src/stm32f4xx_hal_gpio.o
                0x00000000080046d0                HAL_GPIO_WritePin
 *fill*         0x0000000008004702        0x2 
 .text.HAL_RCC_OscConfig
                0x0000000008004704      0x4f0 ./Drivers/STM32F4xx_HAL_Driver/Src/stm32f4xx_hal_rcc.o
                0x0000000008004704                HAL_RCC_OscConfig
 .text.HAL_RCC_ClockConfig
                0x0000000008004bf4      0x1cc ./Drivers/STM32F4xx_HAL_Driver/Src/stm32f4xx_hal_rcc.o
                0x0000000008004bf4                HAL_RCC_ClockConfig
 .text.HAL_RCC_GetSysClockFreq
                0x0000000008004dc0      0x20c ./Drivers/STM32F4xx_HAL_Driver/Src/stm32f4xx_hal_rcc.o
                0x0000000008004dc0                HAL_RCC_GetSysClockFreq
 .text.HAL_RCC_GetHCLKFreq
                0x0000000008004fcc       0x18 ./Drivers/STM32F4xx_HAL_Driver/Src/stm32f4xx_hal_rcc.o
                0x0000000008004fcc                HAL_RCC_GetHCLKFreq
 .text.HAL_RCC_GetPCLK1Freq
                0x0000000008004fe4       0x28 ./Drivers/STM32F4xx_HAL_Driver/Src/stm32f4xx_hal_rcc.o
                0x0000000008004fe4                HAL_RCC_GetPCLK1Freq
 .text.HAL_RCC_GetPCLK2Freq
                0x000000000800500c       0x28 ./Drivers/STM32F4xx_HAL_Driver/Src/stm32f4xx_hal_rcc.o
                0x000000000800500c                HAL_RCC_GetPCLK2Freq
 .text.HAL_TIM_Base_Init
                0x0000000008005034       0x9e ./Drivers/STM32F4xx_HAL_Driver/Src/stm32f4xx_hal_tim.o
                0x0000000008005034                HAL_TIM_Base_Init
 .text.HAL_TIM_PWM_Init
                0x00000000080050d2       0x9e ./Drivers/STM32F4xx_HAL_Driver/Src/stm32f4xx_hal_tim.o
                0x00000000080050d2                HAL_TIM_PWM_Init
 .text.HAL_TIM_PWM_MspInit
                0x0000000008005170       0x14 ./Drivers/STM32F4xx_HAL_Driver/Src/stm32f4xx_hal_tim.o
                0x0000000008005170                HAL_TIM_PWM_MspInit
 .text.HAL_TIM_PWM_Start
                0x0000000008005184      0x160 ./Drivers/STM32F4xx_HAL_Driver/Src/stm32f4xx_hal_tim.o
                0x0000000008005184                HAL_TIM_PWM_Start
 .text.HAL_TIM_Encoder_Init
                0x00000000080052e4      0x14c ./Drivers/STM32F4xx_HAL_Driver/Src/stm32f4xx_hal_tim.o
                0x00000000080052e4                HAL_TIM_Encoder_Init
 .text.HAL_TIM_Encoder_Start
                0x0000000008005430      0x11c ./Drivers/STM32F4xx_HAL_Driver/Src/stm32f4xx_hal_tim.o
                0x0000000008005430                HAL_TIM_Encoder_Start
 .text.HAL_TIM_IRQHandler
                0x000000000800554c      0x210 ./Drivers/STM32F4xx_HAL_Driver/Src/stm32f4xx_hal_tim.o
                0x000000000800554c                HAL_TIM_IRQHandler
 .text.HAL_TIM_PWM_ConfigChannel
                0x000000000800575c      0x184 ./Drivers/STM32F4xx_HAL_Driver/Src/stm32f4xx_hal_tim.o
                0x000000000800575c                HAL_TIM_PWM_ConfigChannel
 .text.HAL_TIM_ConfigClockSource
                0x00000000080058e0      0x18e ./Drivers/STM32F4xx_HAL_Driver/Src/stm32f4xx_hal_tim.o
                0x00000000080058e0                HAL_TIM_ConfigClockSource
 .text.HAL_TIM_PeriodElapsedCallback
                0x0000000008005a6e       0x14 ./Drivers/STM32F4xx_HAL_Driver/Src/stm32f4xx_hal_tim.o
                0x0000000008005a6e                HAL_TIM_PeriodElapsedCallback
 .text.HAL_TIM_OC_DelayElapsedCallback
                0x0000000008005a82       0x14 ./Drivers/STM32F4xx_HAL_Driver/Src/stm32f4xx_hal_tim.o
                0x0000000008005a82                HAL_TIM_OC_DelayElapsedCallback
 .text.HAL_TIM_IC_CaptureCallback
                0x0000000008005a96       0x14 ./Drivers/STM32F4xx_HAL_Driver/Src/stm32f4xx_hal_tim.o
                0x0000000008005a96                HAL_TIM_IC_CaptureCallback
 .text.HAL_TIM_PWM_PulseFinishedCallback
                0x0000000008005aaa       0x14 ./Drivers/STM32F4xx_HAL_Driver/Src/stm32f4xx_hal_tim.o
                0x0000000008005aaa                HAL_TIM_PWM_PulseFinishedCallback
 .text.HAL_TIM_TriggerCallback
                0x0000000008005abe       0x14 ./Drivers/STM32F4xx_HAL_Driver/Src/stm32f4xx_hal_tim.o
                0x0000000008005abe                HAL_TIM_TriggerCallback
 *fill*         0x0000000008005ad2        0x2 
 .text.TIM_Base_SetConfig
                0x0000000008005ad4      0x100 ./Drivers/STM32F4xx_HAL_Driver/Src/stm32f4xx_hal_tim.o
                0x0000000008005ad4                TIM_Base_SetConfig
 .text.TIM_OC1_SetConfig
                0x0000000008005bd4       0xcc ./Drivers/STM32F4xx_HAL_Driver/Src/stm32f4xx_hal_tim.o
 .text.TIM_OC2_SetConfig
                0x0000000008005ca0       0xd8 ./Drivers/STM32F4xx_HAL_Driver/Src/stm32f4xx_hal_tim.o
                0x0000000008005ca0                TIM_OC2_SetConfig
 .text.TIM_OC3_SetConfig
                0x0000000008005d78       0xd4 ./Drivers/STM32F4xx_HAL_Driver/Src/stm32f4xx_hal_tim.o
 .text.TIM_OC4_SetConfig
                0x0000000008005e4c       0xa0 ./Drivers/STM32F4xx_HAL_Driver/Src/stm32f4xx_hal_tim.o
 .text.TIM_TI1_ConfigInputStage
                0x0000000008005eec       0x5e ./Drivers/STM32F4xx_HAL_Driver/Src/stm32f4xx_hal_tim.o
 .text.TIM_TI2_ConfigInputStage
                0x0000000008005f4a       0x60 ./Drivers/STM32F4xx_HAL_Driver/Src/stm32f4xx_hal_tim.o
 .text.TIM_ITRx_SetConfig
                0x0000000008005faa       0x36 ./Drivers/STM32F4xx_HAL_Driver/Src/stm32f4xx_hal_tim.o
 .text.TIM_ETR_SetConfig
                0x0000000008005fe0       0x40 ./Drivers/STM32F4xx_HAL_Driver/Src/stm32f4xx_hal_tim.o
                0x0000000008005fe0                TIM_ETR_SetConfig
 .text.TIM_CCxChannelCmd
                0x0000000008006020       0x4a ./Drivers/STM32F4xx_HAL_Driver/Src/stm32f4xx_hal_tim.o
                0x0000000008006020                TIM_CCxChannelCmd
 *fill*         0x000000000800606a        0x2 
 .text.HAL_TIMEx_MasterConfigSynchronization
                0x000000000800606c       0xdc ./Drivers/STM32F4xx_HAL_Driver/Src/stm32f4xx_hal_tim_ex.o
                0x000000000800606c                HAL_TIMEx_MasterConfigSynchronization
 .text.HAL_TIMEx_ConfigBreakDeadTime
                0x0000000008006148       0xa4 ./Drivers/STM32F4xx_HAL_Driver/Src/stm32f4xx_hal_tim_ex.o
                0x0000000008006148                HAL_TIMEx_ConfigBreakDeadTime
 .text.HAL_TIMEx_CommutCallback
                0x00000000080061ec       0x14 ./Drivers/STM32F4xx_HAL_Driver/Src/stm32f4xx_hal_tim_ex.o
                0x00000000080061ec                HAL_TIMEx_CommutCallback
 .text.HAL_TIMEx_BreakCallback
                0x0000000008006200       0x14 ./Drivers/STM32F4xx_HAL_Driver/Src/stm32f4xx_hal_tim_ex.o
                0x0000000008006200                HAL_TIMEx_BreakCallback
 .text.HAL_UART_Init
                0x0000000008006214       0x9a ./Drivers/STM32F4xx_HAL_Driver/Src/stm32f4xx_hal_uart.o
                0x0000000008006214                HAL_UART_Init
 .text.HAL_UART_Transmit
                0x00000000080062ae      0x124 ./Drivers/STM32F4xx_HAL_Driver/Src/stm32f4xx_hal_uart.o
                0x00000000080062ae                HAL_UART_Transmit
 .text.UART_WaitOnFlagUntilTimeout
                0x00000000080063d2       0xdc ./Drivers/STM32F4xx_HAL_Driver/Src/stm32f4xx_hal_uart.o
 *fill*         0x00000000080064ae        0x2 
 .text.UART_SetConfig
                0x00000000080064b0      0x4e8 ./Drivers/STM32F4xx_HAL_Driver/Src/stm32f4xx_hal_uart.o
 .text.__errno  0x0000000008006998        0xc c:/st/stm32cubeide_1.9.0/stm32cubeide/plugins/com.st.stm32cube.ide.mcu.externaltools.gnu-tools-for-stm32.10.3-2021.10.win32_1.0.0.202111181127/tools/bin/../lib/gcc/arm-none-eabi/10.3.1/../../../../arm-none-eabi/lib/thumb/v7e-m+fp/hard\libc_nano.a(lib_a-errno.o)
                0x0000000008006998                __errno
 .text.__libc_init_array
                0x00000000080069a4       0x48 c:/st/stm32cubeide_1.9.0/stm32cubeide/plugins/com.st.stm32cube.ide.mcu.externaltools.gnu-tools-for-stm32.10.3-2021.10.win32_1.0.0.202111181127/tools/bin/../lib/gcc/arm-none-eabi/10.3.1/../../../../arm-none-eabi/lib/thumb/v7e-m+fp/hard\libc_nano.a(lib_a-init.o)
                0x00000000080069a4                __libc_init_array
 .text.memset   0x00000000080069ec       0x10 c:/st/stm32cubeide_1.9.0/stm32cubeide/plugins/com.st.stm32cube.ide.mcu.externaltools.gnu-tools-for-stm32.10.3-2021.10.win32_1.0.0.202111181127/tools/bin/../lib/gcc/arm-none-eabi/10.3.1/../../../../arm-none-eabi/lib/thumb/v7e-m+fp/hard\libc_nano.a(lib_a-memset.o)
                0x00000000080069ec                memset
 *fill*         0x00000000080069fc        0x4 
 .text.cos      0x0000000008006a00       0xa8 c:/st/stm32cubeide_1.9.0/stm32cubeide/plugins/com.st.stm32cube.ide.mcu.externaltools.gnu-tools-for-stm32.10.3-2021.10.win32_1.0.0.202111181127/tools/bin/../lib/gcc/arm-none-eabi/10.3.1/../../../../arm-none-eabi/lib/thumb/v7e-m+fp/hard\libm.a(lib_a-s_cos.o)
                0x0000000008006a00                cos
 .text.sin      0x0000000008006aa8       0xb0 c:/st/stm32cubeide_1.9.0/stm32cubeide/plugins/com.st.stm32cube.ide.mcu.externaltools.gnu-tools-for-stm32.10.3-2021.10.win32_1.0.0.202111181127/tools/bin/../lib/gcc/arm-none-eabi/10.3.1/../../../../arm-none-eabi/lib/thumb/v7e-m+fp/hard\libm.a(lib_a-s_sin.o)
                0x0000000008006aa8                sin
 .text.cosf     0x0000000008006b58       0x88 c:/st/stm32cubeide_1.9.0/stm32cubeide/plugins/com.st.stm32cube.ide.mcu.externaltools.gnu-tools-for-stm32.10.3-2021.10.win32_1.0.0.202111181127/tools/bin/../lib/gcc/arm-none-eabi/10.3.1/../../../../arm-none-eabi/lib/thumb/v7e-m+fp/hard\libm.a(lib_a-sf_cos.o)
                0x0000000008006b58                cosf
 .text.sinf     0x0000000008006be0       0x8c c:/st/stm32cubeide_1.9.0/stm32cubeide/plugins/com.st.stm32cube.ide.mcu.externaltools.gnu-tools-for-stm32.10.3-2021.10.win32_1.0.0.202111181127/tools/bin/../lib/gcc/arm-none-eabi/10.3.1/../../../../arm-none-eabi/lib/thumb/v7e-m+fp/hard\libm.a(lib_a-sf_sin.o)
                0x0000000008006be0                sinf
 .text.sqrt     0x0000000008006c6c       0x58 c:/st/stm32cubeide_1.9.0/stm32cubeide/plugins/com.st.stm32cube.ide.mcu.externaltools.gnu-tools-for-stm32.10.3-2021.10.win32_1.0.0.202111181127/tools/bin/../lib/gcc/arm-none-eabi/10.3.1/../../../../arm-none-eabi/lib/thumb/v7e-m+fp/hard\libm.a(lib_a-w_sqrt.o)
                0x0000000008006c6c                sqrt
 .text.atan2f   0x0000000008006cc4        0x4 c:/st/stm32cubeide_1.9.0/stm32cubeide/plugins/com.st.stm32cube.ide.mcu.externaltools.gnu-tools-for-stm32.10.3-2021.10.win32_1.0.0.202111181127/tools/bin/../lib/gcc/arm-none-eabi/10.3.1/../../../../arm-none-eabi/lib/thumb/v7e-m+fp/hard\libm.a(lib_a-wf_atan2.o)
                0x0000000008006cc4                atan2f
 .text.__ieee754_rem_pio2
                0x0000000008006cc8      0x418 c:/st/stm32cubeide_1.9.0/stm32cubeide/plugins/com.st.stm32cube.ide.mcu.externaltools.gnu-tools-for-stm32.10.3-2021.10.win32_1.0.0.202111181127/tools/bin/../lib/gcc/arm-none-eabi/10.3.1/../../../../arm-none-eabi/lib/thumb/v7e-m+fp/hard\libm.a(lib_a-e_rem_pio2.o)
                0x0000000008006cc8                __ieee754_rem_pio2
 .text.__ieee754_sqrt
                0x00000000080070e0      0x164 c:/st/stm32cubeide_1.9.0/stm32cubeide/plugins/com.st.stm32cube.ide.mcu.externaltools.gnu-tools-for-stm32.10.3-2021.10.win32_1.0.0.202111181127/tools/bin/../lib/gcc/arm-none-eabi/10.3.1/../../../../arm-none-eabi/lib/thumb/v7e-m+fp/hard\libm.a(lib_a-e_sqrt.o)
                0x00000000080070e0                __ieee754_sqrt
 .text.__ieee754_atan2f
                0x0000000008007244      0x140 c:/st/stm32cubeide_1.9.0/stm32cubeide/plugins/com.st.stm32cube.ide.mcu.externaltools.gnu-tools-for-stm32.10.3-2021.10.win32_1.0.0.202111181127/tools/bin/../lib/gcc/arm-none-eabi/10.3.1/../../../../arm-none-eabi/lib/thumb/v7e-m+fp/hard\libm.a(lib_a-ef_atan2.o)
                0x0000000008007244                __ieee754_atan2f
 .text.__ieee754_rem_pio2f
                0x0000000008007384      0x278 c:/st/stm32cubeide_1.9.0/stm32cubeide/plugins/com.st.stm32cube.ide.mcu.externaltools.gnu-tools-for-stm32.10.3-2021.10.win32_1.0.0.202111181127/tools/bin/../lib/gcc/arm-none-eabi/10.3.1/../../../../arm-none-eabi/lib/thumb/v7e-m+fp/hard\libm.a(lib_a-ef_rem_pio2.o)
                0x0000000008007384                __ieee754_rem_pio2f
 *fill*         0x00000000080075fc        0x4 
 .text.__kernel_cos
                0x0000000008007600      0x18c c:/st/stm32cubeide_1.9.0/stm32cubeide/plugins/com.st.stm32cube.ide.mcu.externaltools.gnu-tools-for-stm32.10.3-2021.10.win32_1.0.0.202111181127/tools/bin/../lib/gcc/arm-none-eabi/10.3.1/../../../../arm-none-eabi/lib/thumb/v7e-m+fp/hard\libm.a(lib_a-k_cos.o)
                0x0000000008007600                __kernel_cos
 *fill*         0x000000000800778c        0x4 
 .text.__kernel_rem_pio2
                0x0000000008007790      0x69c c:/st/stm32cubeide_1.9.0/stm32cubeide/plugins/com.st.stm32cube.ide.mcu.externaltools.gnu-tools-for-stm32.10.3-2021.10.win32_1.0.0.202111181127/tools/bin/../lib/gcc/arm-none-eabi/10.3.1/../../../../arm-none-eabi/lib/thumb/v7e-m+fp/hard\libm.a(lib_a-k_rem_pio2.o)
                0x0000000008007790                __kernel_rem_pio2
 *fill*         0x0000000008007e2c        0x4 
 .text.__kernel_sin
                0x0000000008007e30      0x17c c:/st/stm32cubeide_1.9.0/stm32cubeide/plugins/com.st.stm32cube.ide.mcu.externaltools.gnu-tools-for-stm32.10.3-2021.10.win32_1.0.0.202111181127/tools/bin/../lib/gcc/arm-none-eabi/10.3.1/../../../../arm-none-eabi/lib/thumb/v7e-m+fp/hard\libm.a(lib_a-k_sin.o)
                0x0000000008007e30                __kernel_sin
 .text.__kernel_cosf
                0x0000000008007fac       0xc0 c:/st/stm32cubeide_1.9.0/stm32cubeide/plugins/com.st.stm32cube.ide.mcu.externaltools.gnu-tools-for-stm32.10.3-2021.10.win32_1.0.0.202111181127/tools/bin/../lib/gcc/arm-none-eabi/10.3.1/../../../../arm-none-eabi/lib/thumb/v7e-m+fp/hard\libm.a(lib_a-kf_cos.o)
                0x0000000008007fac                __kernel_cosf
 .text.__kernel_rem_pio2f
                0x000000000800806c      0x4ec c:/st/stm32cubeide_1.9.0/stm32cubeide/plugins/com.st.stm32cube.ide.mcu.externaltools.gnu-tools-for-stm32.10.3-2021.10.win32_1.0.0.202111181127/tools/bin/../lib/gcc/arm-none-eabi/10.3.1/../../../../arm-none-eabi/lib/thumb/v7e-m+fp/hard\libm.a(lib_a-kf_rem_pio2.o)
                0x000000000800806c                __kernel_rem_pio2f
 .text.__kernel_sinf
                0x0000000008008558       0x90 c:/st/stm32cubeide_1.9.0/stm32cubeide/plugins/com.st.stm32cube.ide.mcu.externaltools.gnu-tools-for-stm32.10.3-2021.10.win32_1.0.0.202111181127/tools/bin/../lib/gcc/arm-none-eabi/10.3.1/../../../../arm-none-eabi/lib/thumb/v7e-m+fp/hard\libm.a(lib_a-kf_sin.o)
                0x0000000008008558                __kernel_sinf
 .text.fabs     0x00000000080085e8       0x12 c:/st/stm32cubeide_1.9.0/stm32cubeide/plugins/com.st.stm32cube.ide.mcu.externaltools.gnu-tools-for-stm32.10.3-2021.10.win32_1.0.0.202111181127/tools/bin/../lib/gcc/arm-none-eabi/10.3.1/../../../../arm-none-eabi/lib/thumb/v7e-m+fp/hard\libm.a(lib_a-s_fabs.o)
                0x00000000080085e8                fabs
 *fill*         0x00000000080085fa        0x6 
 .text.floor    0x0000000008008600      0x100 c:/st/stm32cubeide_1.9.0/stm32cubeide/plugins/com.st.stm32cube.ide.mcu.externaltools.gnu-tools-for-stm32.10.3-2021.10.win32_1.0.0.202111181127/tools/bin/../lib/gcc/arm-none-eabi/10.3.1/../../../../arm-none-eabi/lib/thumb/v7e-m+fp/hard\libm.a(lib_a-s_floor.o)
                0x0000000008008600                floor
 .text.scalbn   0x0000000008008700      0x10c c:/st/stm32cubeide_1.9.0/stm32cubeide/plugins/com.st.stm32cube.ide.mcu.externaltools.gnu-tools-for-stm32.10.3-2021.10.win32_1.0.0.202111181127/tools/bin/../lib/gcc/arm-none-eabi/10.3.1/../../../../arm-none-eabi/lib/thumb/v7e-m+fp/hard\libm.a(lib_a-s_scalbn.o)
                0x0000000008008700                scalbn
 .text.atanf    0x000000000800880c      0x1a8 c:/st/stm32cubeide_1.9.0/stm32cubeide/plugins/com.st.stm32cube.ide.mcu.externaltools.gnu-tools-for-stm32.10.3-2021.10.win32_1.0.0.202111181127/tools/bin/../lib/gcc/arm-none-eabi/10.3.1/../../../../arm-none-eabi/lib/thumb/v7e-m+fp/hard\libm.a(lib_a-sf_atan.o)
                0x000000000800880c                atanf
 .text.fabsf    0x00000000080089b4        0xe c:/st/stm32cubeide_1.9.0/stm32cubeide/plugins/com.st.stm32cube.ide.mcu.externaltools.gnu-tools-for-stm32.10.3-2021.10.win32_1.0.0.202111181127/tools/bin/../lib/gcc/arm-none-eabi/10.3.1/../../../../arm-none-eabi/lib/thumb/v7e-m+fp/hard\libm.a(lib_a-sf_fabs.o)
                0x00000000080089b4                fabsf
 *fill*         0x00000000080089c2        0x2 
 .text.floorf   0x00000000080089c4       0x84 c:/st/stm32cubeide_1.9.0/stm32cubeide/plugins/com.st.stm32cube.ide.mcu.externaltools.gnu-tools-for-stm32.10.3-2021.10.win32_1.0.0.202111181127/tools/bin/../lib/gcc/arm-none-eabi/10.3.1/../../../../arm-none-eabi/lib/thumb/v7e-m+fp/hard\libm.a(lib_a-sf_floor.o)
                0x00000000080089c4                floorf
 .text.scalbnf  0x0000000008008a48       0xe4 c:/st/stm32cubeide_1.9.0/stm32cubeide/plugins/com.st.stm32cube.ide.mcu.externaltools.gnu-tools-for-stm32.10.3-2021.10.win32_1.0.0.202111181127/tools/bin/../lib/gcc/arm-none-eabi/10.3.1/../../../../arm-none-eabi/lib/thumb/v7e-m+fp/hard\libm.a(lib_a-sf_scalbn.o)
                0x0000000008008a48                scalbnf
 *(.glue_7)
 .glue_7        0x0000000008008b2c        0x0 linker stubs
 *(.glue_7t)
 .glue_7t       0x0000000008008b2c        0x0 linker stubs
 *(.eh_frame)
 .eh_frame      0x0000000008008b2c        0x0 c:/st/stm32cubeide_1.9.0/stm32cubeide/plugins/com.st.stm32cube.ide.mcu.externaltools.gnu-tools-for-stm32.10.3-2021.10.win32_1.0.0.202111181127/tools/bin/../lib/gcc/arm-none-eabi/10.3.1/thumb/v7e-m+fp/hard/crtbegin.o
 *(.init)
 .init          0x0000000008008b2c        0x4 c:/st/stm32cubeide_1.9.0/stm32cubeide/plugins/com.st.stm32cube.ide.mcu.externaltools.gnu-tools-for-stm32.10.3-2021.10.win32_1.0.0.202111181127/tools/bin/../lib/gcc/arm-none-eabi/10.3.1/thumb/v7e-m+fp/hard/crti.o
                0x0000000008008b2c                _init
 .init          0x0000000008008b30        0x8 c:/st/stm32cubeide_1.9.0/stm32cubeide/plugins/com.st.stm32cube.ide.mcu.externaltools.gnu-tools-for-stm32.10.3-2021.10.win32_1.0.0.202111181127/tools/bin/../lib/gcc/arm-none-eabi/10.3.1/thumb/v7e-m+fp/hard/crtn.o
 *(.fini)
 .fini          0x0000000008008b38        0x4 c:/st/stm32cubeide_1.9.0/stm32cubeide/plugins/com.st.stm32cube.ide.mcu.externaltools.gnu-tools-for-stm32.10.3-2021.10.win32_1.0.0.202111181127/tools/bin/../lib/gcc/arm-none-eabi/10.3.1/thumb/v7e-m+fp/hard/crti.o
                0x0000000008008b38                _fini
 .fini          0x0000000008008b3c        0x8 c:/st/stm32cubeide_1.9.0/stm32cubeide/plugins/com.st.stm32cube.ide.mcu.externaltools.gnu-tools-for-stm32.10.3-2021.10.win32_1.0.0.202111181127/tools/bin/../lib/gcc/arm-none-eabi/10.3.1/thumb/v7e-m+fp/hard/crtn.o
                0x0000000008008b44                . = ALIGN (0x4)
                0x0000000008008b44                _etext = .

.vfp11_veneer   0x0000000008008b44        0x0
 .vfp11_veneer  0x0000000008008b44        0x0 linker stubs

.v4_bx          0x0000000008008b44        0x0
 .v4_bx         0x0000000008008b44        0x0 linker stubs

.iplt           0x0000000008008b44        0x0
 .iplt          0x0000000008008b44        0x0 c:/st/stm32cubeide_1.9.0/stm32cubeide/plugins/com.st.stm32cube.ide.mcu.externaltools.gnu-tools-for-stm32.10.3-2021.10.win32_1.0.0.202111181127/tools/bin/../lib/gcc/arm-none-eabi/10.3.1/thumb/v7e-m+fp/hard/crtbegin.o

.rodata         0x0000000008008b48      0x618
                0x0000000008008b48                . = ALIGN (0x4)
 *(.rodata)
 .rodata        0x0000000008008b48       0x1a ./Core/Src/main.o
 *(.rodata*)
 *fill*         0x0000000008008b62        0x2 
 .rodata.AHBPrescTable
                0x0000000008008b64       0x10 ./Core/Src/system_stm32f4xx.o
                0x0000000008008b64                AHBPrescTable
 .rodata.APBPrescTable
                0x0000000008008b74        0x8 ./Core/Src/system_stm32f4xx.o
                0x0000000008008b74                APBPrescTable
 .rodata.npio2_hw
                0x0000000008008b7c       0x80 c:/st/stm32cubeide_1.9.0/stm32cubeide/plugins/com.st.stm32cube.ide.mcu.externaltools.gnu-tools-for-stm32.10.3-2021.10.win32_1.0.0.202111181127/tools/bin/../lib/gcc/arm-none-eabi/10.3.1/../../../../arm-none-eabi/lib/thumb/v7e-m+fp/hard\libm.a(lib_a-e_rem_pio2.o)
 .rodata.two_over_pi
                0x0000000008008bfc      0x108 c:/st/stm32cubeide_1.9.0/stm32cubeide/plugins/com.st.stm32cube.ide.mcu.externaltools.gnu-tools-for-stm32.10.3-2021.10.win32_1.0.0.202111181127/tools/bin/../lib/gcc/arm-none-eabi/10.3.1/../../../../arm-none-eabi/lib/thumb/v7e-m+fp/hard\libm.a(lib_a-e_rem_pio2.o)
 .rodata.CSWTCH.8
                0x0000000008008d04        0xc c:/st/stm32cubeide_1.9.0/stm32cubeide/plugins/com.st.stm32cube.ide.mcu.externaltools.gnu-tools-for-stm32.10.3-2021.10.win32_1.0.0.202111181127/tools/bin/../lib/gcc/arm-none-eabi/10.3.1/../../../../arm-none-eabi/lib/thumb/v7e-m+fp/hard\libm.a(lib_a-ef_atan2.o)
 .rodata.CSWTCH.9
                0x0000000008008d10        0xc c:/st/stm32cubeide_1.9.0/stm32cubeide/plugins/com.st.stm32cube.ide.mcu.externaltools.gnu-tools-for-stm32.10.3-2021.10.win32_1.0.0.202111181127/tools/bin/../lib/gcc/arm-none-eabi/10.3.1/../../../../arm-none-eabi/lib/thumb/v7e-m+fp/hard\libm.a(lib_a-ef_atan2.o)
 .rodata.npio2_hw
                0x0000000008008d1c       0x80 c:/st/stm32cubeide_1.9.0/stm32cubeide/plugins/com.st.stm32cube.ide.mcu.externaltools.gnu-tools-for-stm32.10.3-2021.10.win32_1.0.0.202111181127/tools/bin/../lib/gcc/arm-none-eabi/10.3.1/../../../../arm-none-eabi/lib/thumb/v7e-m+fp/hard\libm.a(lib_a-ef_rem_pio2.o)
 .rodata.two_over_pi
                0x0000000008008d9c      0x318 c:/st/stm32cubeide_1.9.0/stm32cubeide/plugins/com.st.stm32cube.ide.mcu.externaltools.gnu-tools-for-stm32.10.3-2021.10.win32_1.0.0.202111181127/tools/bin/../lib/gcc/arm-none-eabi/10.3.1/../../../../arm-none-eabi/lib/thumb/v7e-m+fp/hard\libm.a(lib_a-ef_rem_pio2.o)
 *fill*         0x00000000080090b4        0x4 
 .rodata.PIo2   0x00000000080090b8       0x40 c:/st/stm32cubeide_1.9.0/stm32cubeide/plugins/com.st.stm32cube.ide.mcu.externaltools.gnu-tools-for-stm32.10.3-2021.10.win32_1.0.0.202111181127/tools/bin/../lib/gcc/arm-none-eabi/10.3.1/../../../../arm-none-eabi/lib/thumb/v7e-m+fp/hard\libm.a(lib_a-k_rem_pio2.o)
 .rodata.init_jk
                0x00000000080090f8       0x10 c:/st/stm32cubeide_1.9.0/stm32cubeide/plugins/com.st.stm32cube.ide.mcu.externaltools.gnu-tools-for-stm32.10.3-2021.10.win32_1.0.0.202111181127/tools/bin/../lib/gcc/arm-none-eabi/10.3.1/../../../../arm-none-eabi/lib/thumb/v7e-m+fp/hard\libm.a(lib_a-k_rem_pio2.o)
 .rodata.PIo2   0x0000000008009108       0x2c c:/st/stm32cubeide_1.9.0/stm32cubeide/plugins/com.st.stm32cube.ide.mcu.externaltools.gnu-tools-for-stm32.10.3-2021.10.win32_1.0.0.202111181127/tools/bin/../lib/gcc/arm-none-eabi/10.3.1/../../../../arm-none-eabi/lib/thumb/v7e-m+fp/hard\libm.a(lib_a-kf_rem_pio2.o)
 .rodata.init_jk
                0x0000000008009134        0xc c:/st/stm32cubeide_1.9.0/stm32cubeide/plugins/com.st.stm32cube.ide.mcu.externaltools.gnu-tools-for-stm32.10.3-2021.10.win32_1.0.0.202111181127/tools/bin/../lib/gcc/arm-none-eabi/10.3.1/../../../../arm-none-eabi/lib/thumb/v7e-m+fp/hard\libm.a(lib_a-kf_rem_pio2.o)
 .rodata.atanhi
                0x0000000008009140       0x10 c:/st/stm32cubeide_1.9.0/stm32cubeide/plugins/com.st.stm32cube.ide.mcu.externaltools.gnu-tools-for-stm32.10.3-2021.10.win32_1.0.0.202111181127/tools/bin/../lib/gcc/arm-none-eabi/10.3.1/../../../../arm-none-eabi/lib/thumb/v7e-m+fp/hard\libm.a(lib_a-sf_atan.o)
 .rodata.atanlo
                0x0000000008009150       0x10 c:/st/stm32cubeide_1.9.0/stm32cubeide/plugins/com.st.stm32cube.ide.mcu.externaltools.gnu-tools-for-stm32.10.3-2021.10.win32_1.0.0.202111181127/tools/bin/../lib/gcc/arm-none-eabi/10.3.1/../../../../arm-none-eabi/lib/thumb/v7e-m+fp/hard\libm.a(lib_a-sf_atan.o)
                0x0000000008009160                . = ALIGN (0x4)

.ARM.extab      0x0000000008009160        0x0
                0x0000000008009160                . = ALIGN (0x4)
 *(.ARM.extab* .gnu.linkonce.armextab.*)
                0x0000000008009160                . = ALIGN (0x4)

.ARM            0x0000000008009160        0x8
                0x0000000008009160                . = ALIGN (0x4)
                0x0000000008009160                __exidx_start = .
 *(.ARM.exidx*)
 .ARM.exidx     0x0000000008009160        0x8 c:/st/stm32cubeide_1.9.0/stm32cubeide/plugins/com.st.stm32cube.ide.mcu.externaltools.gnu-tools-for-stm32.10.3-2021.10.win32_1.0.0.202111181127/tools/bin/../lib/gcc/arm-none-eabi/10.3.1/thumb/v7e-m+fp/hard\libgcc.a(_udivmoddi4.o)
                0x0000000008009168                __exidx_end = .
                0x0000000008009168                . = ALIGN (0x4)

.rel.dyn        0x0000000008009168        0x0
 .rel.iplt      0x0000000008009168        0x0 c:/st/stm32cubeide_1.9.0/stm32cubeide/plugins/com.st.stm32cube.ide.mcu.externaltools.gnu-tools-for-stm32.10.3-2021.10.win32_1.0.0.202111181127/tools/bin/../lib/gcc/arm-none-eabi/10.3.1/thumb/v7e-m+fp/hard/crtbegin.o

.preinit_array  0x0000000008009168        0x0
                0x0000000008009168                . = ALIGN (0x4)
                0x0000000008009168                PROVIDE (__preinit_array_start = .)
 *(.preinit_array*)
                0x0000000008009168                PROVIDE (__preinit_array_end = .)
                0x0000000008009168                . = ALIGN (0x4)

.init_array     0x0000000008009168        0x4
                0x0000000008009168                . = ALIGN (0x4)
                0x0000000008009168                PROVIDE (__init_array_start = .)
 *(SORT_BY_NAME(.init_array.*))
 *(.init_array*)
 .init_array    0x0000000008009168        0x4 c:/st/stm32cubeide_1.9.0/stm32cubeide/plugins/com.st.stm32cube.ide.mcu.externaltools.gnu-tools-for-stm32.10.3-2021.10.win32_1.0.0.202111181127/tools/bin/../lib/gcc/arm-none-eabi/10.3.1/thumb/v7e-m+fp/hard/crtbegin.o
                0x000000000800916c                PROVIDE (__init_array_end = .)
                0x000000000800916c                . = ALIGN (0x4)

.fini_array     0x000000000800916c        0x4
                0x000000000800916c                . = ALIGN (0x4)
                [!provide]                        PROVIDE (__fini_array_start = .)
 *(SORT_BY_NAME(.fini_array.*))
 *(.fini_array*)
 .fini_array    0x000000000800916c        0x4 c:/st/stm32cubeide_1.9.0/stm32cubeide/plugins/com.st.stm32cube.ide.mcu.externaltools.gnu-tools-for-stm32.10.3-2021.10.win32_1.0.0.202111181127/tools/bin/../lib/gcc/arm-none-eabi/10.3.1/thumb/v7e-m+fp/hard/crtbegin.o
                [!provide]                        PROVIDE (__fini_array_end = .)
                0x0000000008009170                . = ALIGN (0x4)
                0x0000000008009170                _sidata = LOADADDR (.data)

.data           0x0000000020000000       0x80 load address 0x0000000008009170
                0x0000000020000000                . = ALIGN (0x4)
                0x0000000020000000                _sdata = .
 *(.data)
 *(.data*)
 .data.d_e_min  0x0000000020000000        0x4 ./Core/Lib/periferije/PWM/pwm.o
 .data.acc      0x0000000020000004        0x4 ./Core/Lib/periferije/PWM/pwm.o
                0x0000000020000004                acc
 .data.smer     0x0000000020000008        0x1 ./Core/Lib/periferije/PWM/pwm.o
                0x0000000020000008                smer
 *fill*         0x0000000020000009        0x3 
 .data.kreni    0x000000002000000c        0x4 ./Core/Lib/periferije/PWM/pwm.o
                0x000000002000000c                kreni
 .data.SystemCoreClock
                0x0000000020000010        0x4 ./Core/Src/system_stm32f4xx.o
                0x0000000020000010                SystemCoreClock
 .data.uwTickPrio
                0x0000000020000014        0x4 ./Drivers/STM32F4xx_HAL_Driver/Src/stm32f4xx_hal.o
                0x0000000020000014                uwTickPrio
 .data.uwTickFreq
                0x0000000020000018        0x1 ./Drivers/STM32F4xx_HAL_Driver/Src/stm32f4xx_hal.o
                0x0000000020000018                uwTickFreq
 *fill*         0x0000000020000019        0x3 
 .data._impure_ptr
                0x000000002000001c        0x4 c:/st/stm32cubeide_1.9.0/stm32cubeide/plugins/com.st.stm32cube.ide.mcu.externaltools.gnu-tools-for-stm32.10.3-2021.10.win32_1.0.0.202111181127/tools/bin/../lib/gcc/arm-none-eabi/10.3.1/../../../../arm-none-eabi/lib/thumb/v7e-m+fp/hard\libc_nano.a(lib_a-impure.o)
                0x000000002000001c                _impure_ptr
 .data.impure_data
                0x0000000020000020       0x60 c:/st/stm32cubeide_1.9.0/stm32cubeide/plugins/com.st.stm32cube.ide.mcu.externaltools.gnu-tools-for-stm32.10.3-2021.10.win32_1.0.0.202111181127/tools/bin/../lib/gcc/arm-none-eabi/10.3.1/../../../../arm-none-eabi/lib/thumb/v7e-m+fp/hard\libc_nano.a(lib_a-impure.o)
 *(.RamFunc)
 *(.RamFunc*)
                0x0000000020000080                . = ALIGN (0x4)
                0x0000000020000080                _edata = .

.igot.plt       0x0000000020000080        0x0 load address 0x00000000080091f0
 .igot.plt      0x0000000020000080        0x0 c:/st/stm32cubeide_1.9.0/stm32cubeide/plugins/com.st.stm32cube.ide.mcu.externaltools.gnu-tools-for-stm32.10.3-2021.10.win32_1.0.0.202111181127/tools/bin/../lib/gcc/arm-none-eabi/10.3.1/thumb/v7e-m+fp/hard/crtbegin.o
                0x0000000020000080                . = ALIGN (0x4)

.bss            0x0000000020000080      0x204 load address 0x00000000080091f0
                0x0000000020000080                _sbss = .
                0x0000000020000080                __bss_start__ = _sbss
 *(.bss)
 .bss           0x0000000020000080       0x1c c:/st/stm32cubeide_1.9.0/stm32cubeide/plugins/com.st.stm32cube.ide.mcu.externaltools.gnu-tools-for-stm32.10.3-2021.10.win32_1.0.0.202111181127/tools/bin/../lib/gcc/arm-none-eabi/10.3.1/thumb/v7e-m+fp/hard/crtbegin.o
 *(.bss*)
 .bss.brzina_levog_pasivnog
                0x000000002000009c        0x4 ./Core/Lib/periferije/ENCODER/encoder.o
 .bss.brzina_desnog_pasivnog
                0x00000000200000a0        0x4 ./Core/Lib/periferije/ENCODER/encoder.o
 .bss.inc_levog_pasivnog
                0x00000000200000a4        0x2 ./Core/Lib/periferije/ENCODER/encoder.o
 .bss.pre_inc_levog_pasivnog
                0x00000000200000a6        0x2 ./Core/Lib/periferije/ENCODER/encoder.o
 .bss.inc_desnog_pasivnog
                0x00000000200000a8        0x2 ./Core/Lib/periferije/ENCODER/encoder.o
 .bss.pre_inc_desnog_pasivnog
                0x00000000200000aa        0x2 ./Core/Lib/periferije/ENCODER/encoder.o
 *fill*         0x00000000200000ac        0x4 
 .bss.omega     0x00000000200000b0        0x8 ./Core/Lib/periferije/ENCODER/encoder.o
                0x00000000200000b0                omega
 .bss.brzina    0x00000000200000b8        0x8 ./Core/Lib/periferije/ENCODER/encoder.o
                0x00000000200000b8                brzina
 .bss.teta      0x00000000200000c0        0x8 ./Core/Lib/periferije/ENCODER/encoder.o
                0x00000000200000c0                teta
 .bss.x         0x00000000200000c8        0x8 ./Core/Lib/periferije/ENCODER/encoder.o
                0x00000000200000c8                x
 .bss.y         0x00000000200000d0        0x8 ./Core/Lib/periferije/ENCODER/encoder.o
                0x00000000200000d0                y
 .bss.Kpd       0x00000000200000d8        0x4 ./Core/Lib/periferije/PWM/pwm.o
                0x00000000200000d8                Kpd
 .bss.Kid       0x00000000200000dc        0x4 ./Core/Lib/periferije/PWM/pwm.o
                0x00000000200000dc                Kid
 .bss.Kdd       0x00000000200000e0        0x4 ./Core/Lib/periferije/PWM/pwm.o
                0x00000000200000e0                Kdd
 .bss.Kp_teta   0x00000000200000e4        0x4 ./Core/Lib/periferije/PWM/pwm.o
 .bss.Ki_teta   0x00000000200000e8        0x4 ./Core/Lib/periferije/PWM/pwm.o
 .bss.Kd_teta   0x00000000200000ec        0x4 ./Core/Lib/periferije/PWM/pwm.o
 .bss.Vdl       0x00000000200000f0        0x4 ./Core/Lib/periferije/PWM/pwm.o
                0x00000000200000f0                Vdl
 .bss.Vl        0x00000000200000f4        0x4 ./Core/Lib/periferije/PWM/pwm.o
                0x00000000200000f4                Vl
 .bss.Vdr       0x00000000200000f8        0x4 ./Core/Lib/periferije/PWM/pwm.o
                0x00000000200000f8                Vdr
 .bss.Vr        0x00000000200000fc        0x4 ./Core/Lib/periferije/PWM/pwm.o
                0x00000000200000fc                Vr
 .bss.teta_ei_max
                0x0000000020000100        0x4 ./Core/Lib/periferije/PWM/pwm.o
                0x0000000020000100                teta_ei_max
 .bss.teta_ei_min
                0x0000000020000104        0x4 ./Core/Lib/periferije/PWM/pwm.o
                0x0000000020000104                teta_ei_min
 .bss.d_ei_max  0x0000000020000108        0x4 ./Core/Lib/periferije/PWM/pwm.o
 .bss.d_ei_min  0x000000002000010c        0x4 ./Core/Lib/periferije/PWM/pwm.o
 .bss.teta_d    0x0000000020000110        0x4 ./Core/Lib/periferije/PWM/pwm.o
                0x0000000020000110                teta_d
 .bss.teta_e    0x0000000020000114        0x4 ./Core/Lib/periferije/PWM/pwm.o
 .bss.teta_de   0x0000000020000118        0x4 ./Core/Lib/periferije/PWM/pwm.o
 .bss.teta_de_p
                0x000000002000011c        0x4 ./Core/Lib/periferije/PWM/pwm.o
 .bss.teta_min  0x0000000020000120        0x4 ./Core/Lib/periferije/PWM/pwm.o
                0x0000000020000120                teta_min
 .bss.teta_ei   0x0000000020000124        0x4 ./Core/Lib/periferije/PWM/pwm.o
                0x0000000020000124                teta_ei
 .bss.d_e       0x0000000020000128        0x4 ./Core/Lib/periferije/PWM/pwm.o
                0x0000000020000128                d_e
 .bss.d_ei      0x000000002000012c        0x4 ./Core/Lib/periferije/PWM/pwm.o
                0x000000002000012c                d_ei
 .bss.d_de_p    0x0000000020000130        0x4 ./Core/Lib/periferije/PWM/pwm.o
                0x0000000020000130                d_de_p
 .bss.d_de      0x0000000020000134        0x4 ./Core/Lib/periferije/PWM/pwm.o
                0x0000000020000134                d_de
 .bss.x_e       0x0000000020000138        0x4 ./Core/Lib/periferije/PWM/pwm.o
                0x0000000020000138                x_e
 .bss.x_el      0x000000002000013c        0x4 ./Core/Lib/periferije/PWM/pwm.o
                0x000000002000013c                x_el
 .bss.y_el      0x0000000020000140        0x4 ./Core/Lib/periferije/PWM/pwm.o
                0x0000000020000140                y_el
 .bss.y_e       0x0000000020000144        0x4 ./Core/Lib/periferije/PWM/pwm.o
                0x0000000020000144                y_e
 .bss.x_d       0x0000000020000148        0x4 ./Core/Lib/periferije/PWM/pwm.o
                0x0000000020000148                x_d
 .bss.y_d       0x000000002000014c        0x4 ./Core/Lib/periferije/PWM/pwm.o
                0x000000002000014c                y_d
 .bss.t_ce      0x0000000020000150        0x4 ./Core/Lib/periferije/PWM/pwm.o
                0x0000000020000150                t_ce
 .bss.faza      0x0000000020000154        0x1 ./Core/Lib/periferije/PWM/pwm.o
                0x0000000020000154                faza
 .bss.senzor1   0x0000000020000155        0x1 ./Core/Lib/periferije/TIM11/tim11.o
                0x0000000020000155                senzor1
 .bss.senzor2   0x0000000020000156        0x1 ./Core/Lib/periferije/TIM11/tim11.o
                0x0000000020000156                senzor2
 .bss.senzor3   0x0000000020000157        0x1 ./Core/Lib/periferije/TIM11/tim11.o
                0x0000000020000157                senzor3
 .bss.senzor4   0x0000000020000158        0x1 ./Core/Lib/periferije/TIM11/tim11.o
                0x0000000020000158                senzor4
 .bss.senzor5   0x0000000020000159        0x1 ./Core/Lib/periferije/TIM11/tim11.o
                0x0000000020000159                senzor5
 *fill*         0x000000002000015a        0x2 
 .bss.TIME      0x000000002000015c        0x4 ./Core/Lib/periferije/TIM11/tim11.o
                0x000000002000015c                TIME
 .bss.htim1     0x0000000020000160       0x48 ./Core/Src/main.o
                0x0000000020000160                htim1
 .bss.htim3     0x00000000200001a8       0x48 ./Core/Src/main.o
                0x00000000200001a8                htim3
 .bss.htim4     0x00000000200001f0       0x48 ./Core/Src/main.o
                0x00000000200001f0                htim4
 .bss.huart6    0x0000000020000238       0x44 ./Core/Src/main.o
                0x0000000020000238                huart6
 .bss.prijem    0x000000002000027c        0x1 ./Core/Src/main.o
                0x000000002000027c                prijem
 .bss.upravljanje
                0x000000002000027d        0x1 ./Core/Src/main.o
                0x000000002000027d                upravljanje
 .bss.step      0x000000002000027e        0x1 ./Core/Src/main.o
                0x000000002000027e                step
 *fill*         0x000000002000027f        0x1 
 .bss.uwTick    0x0000000020000280        0x4 ./Drivers/STM32F4xx_HAL_Driver/Src/stm32f4xx_hal.o
                0x0000000020000280                uwTick
 *(COMMON)
                0x0000000020000284                . = ALIGN (0x4)
                0x0000000020000284                _ebss = .
                0x0000000020000284                __bss_end__ = _ebss

._user_heap_stack
                0x0000000020000284      0x604 load address 0x00000000080091f0
                0x0000000020000288                . = ALIGN (0x8)
 *fill*         0x0000000020000284        0x4 
                [!provide]                        PROVIDE (end = .)
                0x0000000020000288                PROVIDE (_end = .)
                0x0000000020000488                . = (. + _Min_Heap_Size)
 *fill*         0x0000000020000288      0x200 
                0x0000000020000888                . = (. + _Min_Stack_Size)
 *fill*         0x0000000020000488      0x400 
                0x0000000020000888                . = ALIGN (0x8)

/DISCARD/
 libc.a(*)
 libm.a(*)
 libgcc.a(*)

.ARM.attributes
                0x0000000000000000       0x30
 *(.ARM.attributes)
 .ARM.attributes
                0x0000000000000000       0x1e c:/st/stm32cubeide_1.9.0/stm32cubeide/plugins/com.st.stm32cube.ide.mcu.externaltools.gnu-tools-for-stm32.10.3-2021.10.win32_1.0.0.202111181127/tools/bin/../lib/gcc/arm-none-eabi/10.3.1/thumb/v7e-m+fp/hard/crti.o
 .ARM.attributes
                0x000000000000001e       0x34 c:/st/stm32cubeide_1.9.0/stm32cubeide/plugins/com.st.stm32cube.ide.mcu.externaltools.gnu-tools-for-stm32.10.3-2021.10.win32_1.0.0.202111181127/tools/bin/../lib/gcc/arm-none-eabi/10.3.1/thumb/v7e-m+fp/hard/crtbegin.o
 .ARM.attributes
                0x0000000000000052       0x34 ./Core/Lib/periferije/ENCODER/encoder.o
 .ARM.attributes
                0x0000000000000086       0x34 ./Core/Lib/periferije/PWM/pwm.o
 .ARM.attributes
                0x00000000000000ba       0x34 ./Core/Lib/periferije/TIM11/tim11.o
 .ARM.attributes
                0x00000000000000ee       0x34 ./Core/Src/main.o
 .ARM.attributes
                0x0000000000000122       0x34 ./Core/Src/stm32f4xx_hal_msp.o
 .ARM.attributes
                0x0000000000000156       0x34 ./Core/Src/stm32f4xx_it.o
 .ARM.attributes
                0x000000000000018a       0x34 ./Core/Src/system_stm32f4xx.o
 .ARM.attributes
                0x00000000000001be       0x21 ./Core/Startup/startup_stm32f401retx.o
 .ARM.attributes
                0x00000000000001df       0x34 ./Drivers/STM32F4xx_HAL_Driver/Src/stm32f4xx_hal.o
 .ARM.attributes
                0x0000000000000213       0x34 ./Drivers/STM32F4xx_HAL_Driver/Src/stm32f4xx_hal_cortex.o
 .ARM.attributes
                0x0000000000000247       0x34 ./Drivers/STM32F4xx_HAL_Driver/Src/stm32f4xx_hal_gpio.o
 .ARM.attributes
                0x000000000000027b       0x34 ./Drivers/STM32F4xx_HAL_Driver/Src/stm32f4xx_hal_rcc.o
 .ARM.attributes
                0x00000000000002af       0x34 ./Drivers/STM32F4xx_HAL_Driver/Src/stm32f4xx_hal_tim.o
 .ARM.attributes
                0x00000000000002e3       0x34 ./Drivers/STM32F4xx_HAL_Driver/Src/stm32f4xx_hal_tim_ex.o
 .ARM.attributes
                0x0000000000000317       0x34 ./Drivers/STM32F4xx_HAL_Driver/Src/stm32f4xx_hal_uart.o
 .ARM.attributes
                0x000000000000034b       0x34 c:/st/stm32cubeide_1.9.0/stm32cubeide/plugins/com.st.stm32cube.ide.mcu.externaltools.gnu-tools-for-stm32.10.3-2021.10.win32_1.0.0.202111181127/tools/bin/../lib/gcc/arm-none-eabi/10.3.1/../../../../arm-none-eabi/lib/thumb/v7e-m+fp/hard\libc_nano.a(lib_a-errno.o)
 .ARM.attributes
                0x000000000000037f       0x34 c:/st/stm32cubeide_1.9.0/stm32cubeide/plugins/com.st.stm32cube.ide.mcu.externaltools.gnu-tools-for-stm32.10.3-2021.10.win32_1.0.0.202111181127/tools/bin/../lib/gcc/arm-none-eabi/10.3.1/../../../../arm-none-eabi/lib/thumb/v7e-m+fp/hard\libc_nano.a(lib_a-impure.o)
 .ARM.attributes
                0x00000000000003b3       0x34 c:/st/stm32cubeide_1.9.0/stm32cubeide/plugins/com.st.stm32cube.ide.mcu.externaltools.gnu-tools-for-stm32.10.3-2021.10.win32_1.0.0.202111181127/tools/bin/../lib/gcc/arm-none-eabi/10.3.1/../../../../arm-none-eabi/lib/thumb/v7e-m+fp/hard\libc_nano.a(lib_a-init.o)
 .ARM.attributes
                0x00000000000003e7       0x34 c:/st/stm32cubeide_1.9.0/stm32cubeide/plugins/com.st.stm32cube.ide.mcu.externaltools.gnu-tools-for-stm32.10.3-2021.10.win32_1.0.0.202111181127/tools/bin/../lib/gcc/arm-none-eabi/10.3.1/../../../../arm-none-eabi/lib/thumb/v7e-m+fp/hard\libc_nano.a(lib_a-memset.o)
 .ARM.attributes
                0x000000000000041b       0x34 c:/st/stm32cubeide_1.9.0/stm32cubeide/plugins/com.st.stm32cube.ide.mcu.externaltools.gnu-tools-for-stm32.10.3-2021.10.win32_1.0.0.202111181127/tools/bin/../lib/gcc/arm-none-eabi/10.3.1/../../../../arm-none-eabi/lib/thumb/v7e-m+fp/hard\libm.a(lib_a-s_cos.o)
 .ARM.attributes
                0x000000000000044f       0x34 c:/st/stm32cubeide_1.9.0/stm32cubeide/plugins/com.st.stm32cube.ide.mcu.externaltools.gnu-tools-for-stm32.10.3-2021.10.win32_1.0.0.202111181127/tools/bin/../lib/gcc/arm-none-eabi/10.3.1/../../../../arm-none-eabi/lib/thumb/v7e-m+fp/hard\libm.a(lib_a-s_sin.o)
 .ARM.attributes
                0x0000000000000483       0x34 c:/st/stm32cubeide_1.9.0/stm32cubeide/plugins/com.st.stm32cube.ide.mcu.externaltools.gnu-tools-for-stm32.10.3-2021.10.win32_1.0.0.202111181127/tools/bin/../lib/gcc/arm-none-eabi/10.3.1/../../../../arm-none-eabi/lib/thumb/v7e-m+fp/hard\libm.a(lib_a-sf_cos.o)
 .ARM.attributes
                0x00000000000004b7       0x34 c:/st/stm32cubeide_1.9.0/stm32cubeide/plugins/com.st.stm32cube.ide.mcu.externaltools.gnu-tools-for-stm32.10.3-2021.10.win32_1.0.0.202111181127/tools/bin/../lib/gcc/arm-none-eabi/10.3.1/../../../../arm-none-eabi/lib/thumb/v7e-m+fp/hard\libm.a(lib_a-sf_sin.o)
 .ARM.attributes
                0x00000000000004eb       0x34 c:/st/stm32cubeide_1.9.0/stm32cubeide/plugins/com.st.stm32cube.ide.mcu.externaltools.gnu-tools-for-stm32.10.3-2021.10.win32_1.0.0.202111181127/tools/bin/../lib/gcc/arm-none-eabi/10.3.1/../../../../arm-none-eabi/lib/thumb/v7e-m+fp/hard\libm.a(lib_a-w_sqrt.o)
 .ARM.attributes
                0x000000000000051f       0x34 c:/st/stm32cubeide_1.9.0/stm32cubeide/plugins/com.st.stm32cube.ide.mcu.externaltools.gnu-tools-for-stm32.10.3-2021.10.win32_1.0.0.202111181127/tools/bin/../lib/gcc/arm-none-eabi/10.3.1/../../../../arm-none-eabi/lib/thumb/v7e-m+fp/hard\libm.a(lib_a-wf_atan2.o)
 .ARM.attributes
                0x0000000000000553       0x34 c:/st/stm32cubeide_1.9.0/stm32cubeide/plugins/com.st.stm32cube.ide.mcu.externaltools.gnu-tools-for-stm32.10.3-2021.10.win32_1.0.0.202111181127/tools/bin/../lib/gcc/arm-none-eabi/10.3.1/../../../../arm-none-eabi/lib/thumb/v7e-m+fp/hard\libm.a(lib_a-e_rem_pio2.o)
 .ARM.attributes
                0x0000000000000587       0x34 c:/st/stm32cubeide_1.9.0/stm32cubeide/plugins/com.st.stm32cube.ide.mcu.externaltools.gnu-tools-for-stm32.10.3-2021.10.win32_1.0.0.202111181127/tools/bin/../lib/gcc/arm-none-eabi/10.3.1/../../../../arm-none-eabi/lib/thumb/v7e-m+fp/hard\libm.a(lib_a-e_sqrt.o)
 .ARM.attributes
                0x00000000000005bb       0x34 c:/st/stm32cubeide_1.9.0/stm32cubeide/plugins/com.st.stm32cube.ide.mcu.externaltools.gnu-tools-for-stm32.10.3-2021.10.win32_1.0.0.202111181127/tools/bin/../lib/gcc/arm-none-eabi/10.3.1/../../../../arm-none-eabi/lib/thumb/v7e-m+fp/hard\libm.a(lib_a-ef_atan2.o)
 .ARM.attributes
                0x00000000000005ef       0x34 c:/st/stm32cubeide_1.9.0/stm32cubeide/plugins/com.st.stm32cube.ide.mcu.externaltools.gnu-tools-for-stm32.10.3-2021.10.win32_1.0.0.202111181127/tools/bin/../lib/gcc/arm-none-eabi/10.3.1/../../../../arm-none-eabi/lib/thumb/v7e-m+fp/hard\libm.a(lib_a-ef_rem_pio2.o)
 .ARM.attributes
                0x0000000000000623       0x34 c:/st/stm32cubeide_1.9.0/stm32cubeide/plugins/com.st.stm32cube.ide.mcu.externaltools.gnu-tools-for-stm32.10.3-2021.10.win32_1.0.0.202111181127/tools/bin/../lib/gcc/arm-none-eabi/10.3.1/../../../../arm-none-eabi/lib/thumb/v7e-m+fp/hard\libm.a(lib_a-k_cos.o)
 .ARM.attributes
                0x0000000000000657       0x34 c:/st/stm32cubeide_1.9.0/stm32cubeide/plugins/com.st.stm32cube.ide.mcu.externaltools.gnu-tools-for-stm32.10.3-2021.10.win32_1.0.0.202111181127/tools/bin/../lib/gcc/arm-none-eabi/10.3.1/../../../../arm-none-eabi/lib/thumb/v7e-m+fp/hard\libm.a(lib_a-k_rem_pio2.o)
 .ARM.attributes
                0x000000000000068b       0x34 c:/st/stm32cubeide_1.9.0/stm32cubeide/plugins/com.st.stm32cube.ide.mcu.externaltools.gnu-tools-for-stm32.10.3-2021.10.win32_1.0.0.202111181127/tools/bin/../lib/gcc/arm-none-eabi/10.3.1/../../../../arm-none-eabi/lib/thumb/v7e-m+fp/hard\libm.a(lib_a-k_sin.o)
 .ARM.attributes
                0x00000000000006bf       0x34 c:/st/stm32cubeide_1.9.0/stm32cubeide/plugins/com.st.stm32cube.ide.mcu.externaltools.gnu-tools-for-stm32.10.3-2021.10.win32_1.0.0.202111181127/tools/bin/../lib/gcc/arm-none-eabi/10.3.1/../../../../arm-none-eabi/lib/thumb/v7e-m+fp/hard\libm.a(lib_a-kf_cos.o)
 .ARM.attributes
                0x00000000000006f3       0x34 c:/st/stm32cubeide_1.9.0/stm32cubeide/plugins/com.st.stm32cube.ide.mcu.externaltools.gnu-tools-for-stm32.10.3-2021.10.win32_1.0.0.202111181127/tools/bin/../lib/gcc/arm-none-eabi/10.3.1/../../../../arm-none-eabi/lib/thumb/v7e-m+fp/hard\libm.a(lib_a-kf_rem_pio2.o)
 .ARM.attributes
                0x0000000000000727       0x34 c:/st/stm32cubeide_1.9.0/stm32cubeide/plugins/com.st.stm32cube.ide.mcu.externaltools.gnu-tools-for-stm32.10.3-2021.10.win32_1.0.0.202111181127/tools/bin/../lib/gcc/arm-none-eabi/10.3.1/../../../../arm-none-eabi/lib/thumb/v7e-m+fp/hard\libm.a(lib_a-kf_sin.o)
 .ARM.attributes
                0x000000000000075b       0x34 c:/st/stm32cubeide_1.9.0/stm32cubeide/plugins/com.st.stm32cube.ide.mcu.externaltools.gnu-tools-for-stm32.10.3-2021.10.win32_1.0.0.202111181127/tools/bin/../lib/gcc/arm-none-eabi/10.3.1/../../../../arm-none-eabi/lib/thumb/v7e-m+fp/hard\libm.a(lib_a-s_fabs.o)
 .ARM.attributes
                0x000000000000078f       0x34 c:/st/stm32cubeide_1.9.0/stm32cubeide/plugins/com.st.stm32cube.ide.mcu.externaltools.gnu-tools-for-stm32.10.3-2021.10.win32_1.0.0.202111181127/tools/bin/../lib/gcc/arm-none-eabi/10.3.1/../../../../arm-none-eabi/lib/thumb/v7e-m+fp/hard\libm.a(lib_a-s_floor.o)
 .ARM.attributes
                0x00000000000007c3       0x34 c:/st/stm32cubeide_1.9.0/stm32cubeide/plugins/com.st.stm32cube.ide.mcu.externaltools.gnu-tools-for-stm32.10.3-2021.10.win32_1.0.0.202111181127/tools/bin/../lib/gcc/arm-none-eabi/10.3.1/../../../../arm-none-eabi/lib/thumb/v7e-m+fp/hard\libm.a(lib_a-s_scalbn.o)
 .ARM.attributes
                0x00000000000007f7       0x34 c:/st/stm32cubeide_1.9.0/stm32cubeide/plugins/com.st.stm32cube.ide.mcu.externaltools.gnu-tools-for-stm32.10.3-2021.10.win32_1.0.0.202111181127/tools/bin/../lib/gcc/arm-none-eabi/10.3.1/../../../../arm-none-eabi/lib/thumb/v7e-m+fp/hard\libm.a(lib_a-sf_atan.o)
 .ARM.attributes
                0x000000000000082b       0x34 c:/st/stm32cubeide_1.9.0/stm32cubeide/plugins/com.st.stm32cube.ide.mcu.externaltools.gnu-tools-for-stm32.10.3-2021.10.win32_1.0.0.202111181127/tools/bin/../lib/gcc/arm-none-eabi/10.3.1/../../../../arm-none-eabi/lib/thumb/v7e-m+fp/hard\libm.a(lib_a-sf_fabs.o)
 .ARM.attributes
                0x000000000000085f       0x34 c:/st/stm32cubeide_1.9.0/stm32cubeide/plugins/com.st.stm32cube.ide.mcu.externaltools.gnu-tools-for-stm32.10.3-2021.10.win32_1.0.0.202111181127/tools/bin/../lib/gcc/arm-none-eabi/10.3.1/../../../../arm-none-eabi/lib/thumb/v7e-m+fp/hard\libm.a(lib_a-sf_floor.o)
 .ARM.attributes
                0x0000000000000893       0x34 c:/st/stm32cubeide_1.9.0/stm32cubeide/plugins/com.st.stm32cube.ide.mcu.externaltools.gnu-tools-for-stm32.10.3-2021.10.win32_1.0.0.202111181127/tools/bin/../lib/gcc/arm-none-eabi/10.3.1/../../../../arm-none-eabi/lib/thumb/v7e-m+fp/hard\libm.a(lib_a-sf_scalbn.o)
 .ARM.attributes
                0x00000000000008c7       0x1e c:/st/stm32cubeide_1.9.0/stm32cubeide/plugins/com.st.stm32cube.ide.mcu.externaltools.gnu-tools-for-stm32.10.3-2021.10.win32_1.0.0.202111181127/tools/bin/../lib/gcc/arm-none-eabi/10.3.1/thumb/v7e-m+fp/hard\libgcc.a(_arm_addsubdf3.o)
 .ARM.attributes
                0x00000000000008e5       0x1e c:/st/stm32cubeide_1.9.0/stm32cubeide/plugins/com.st.stm32cube.ide.mcu.externaltools.gnu-tools-for-stm32.10.3-2021.10.win32_1.0.0.202111181127/tools/bin/../lib/gcc/arm-none-eabi/10.3.1/thumb/v7e-m+fp/hard\libgcc.a(_arm_muldivdf3.o)
 .ARM.attributes
                0x0000000000000903       0x1e c:/st/stm32cubeide_1.9.0/stm32cubeide/plugins/com.st.stm32cube.ide.mcu.externaltools.gnu-tools-for-stm32.10.3-2021.10.win32_1.0.0.202111181127/tools/bin/../lib/gcc/arm-none-eabi/10.3.1/thumb/v7e-m+fp/hard\libgcc.a(_arm_cmpdf2.o)
 .ARM.attributes
                0x0000000000000921       0x1e c:/st/stm32cubeide_1.9.0/stm32cubeide/plugins/com.st.stm32cube.ide.mcu.externaltools.gnu-tools-for-stm32.10.3-2021.10.win32_1.0.0.202111181127/tools/bin/../lib/gcc/arm-none-eabi/10.3.1/thumb/v7e-m+fp/hard\libgcc.a(_arm_unorddf2.o)
 .ARM.attributes
                0x000000000000093f       0x1e c:/st/stm32cubeide_1.9.0/stm32cubeide/plugins/com.st.stm32cube.ide.mcu.externaltools.gnu-tools-for-stm32.10.3-2021.10.win32_1.0.0.202111181127/tools/bin/../lib/gcc/arm-none-eabi/10.3.1/thumb/v7e-m+fp/hard\libgcc.a(_arm_fixdfsi.o)
 .ARM.attributes
                0x000000000000095d       0x1e c:/st/stm32cubeide_1.9.0/stm32cubeide/plugins/com.st.stm32cube.ide.mcu.externaltools.gnu-tools-for-stm32.10.3-2021.10.win32_1.0.0.202111181127/tools/bin/../lib/gcc/arm-none-eabi/10.3.1/thumb/v7e-m+fp/hard\libgcc.a(_arm_truncdfsf2.o)
 .ARM.attributes
                0x000000000000097b       0x1e c:/st/stm32cubeide_1.9.0/stm32cubeide/plugins/com.st.stm32cube.ide.mcu.externaltools.gnu-tools-for-stm32.10.3-2021.10.win32_1.0.0.202111181127/tools/bin/../lib/gcc/arm-none-eabi/10.3.1/thumb/v7e-m+fp/hard\libgcc.a(_aeabi_uldivmod.o)
 .ARM.attributes
                0x0000000000000999       0x34 c:/st/stm32cubeide_1.9.0/stm32cubeide/plugins/com.st.stm32cube.ide.mcu.externaltools.gnu-tools-for-stm32.10.3-2021.10.win32_1.0.0.202111181127/tools/bin/../lib/gcc/arm-none-eabi/10.3.1/thumb/v7e-m+fp/hard\libgcc.a(_udivmoddi4.o)
 .ARM.attributes
                0x00000000000009cd       0x1e c:/st/stm32cubeide_1.9.0/stm32cubeide/plugins/com.st.stm32cube.ide.mcu.externaltools.gnu-tools-for-stm32.10.3-2021.10.win32_1.0.0.202111181127/tools/bin/../lib/gcc/arm-none-eabi/10.3.1/thumb/v7e-m+fp/hard\libgcc.a(_dvmd_tls.o)
 .ARM.attributes
                0x00000000000009eb       0x1e c:/st/stm32cubeide_1.9.0/stm32cubeide/plugins/com.st.stm32cube.ide.mcu.externaltools.gnu-tools-for-stm32.10.3-2021.10.win32_1.0.0.202111181127/tools/bin/../lib/gcc/arm-none-eabi/10.3.1/thumb/v7e-m+fp/hard/crtn.o
OUTPUT(M3-D2-RUN.elf elf32-littlearm)
LOAD linker stubs
LOAD c:/st/stm32cubeide_1.9.0/stm32cubeide/plugins/com.st.stm32cube.ide.mcu.externaltools.gnu-tools-for-stm32.10.3-2021.10.win32_1.0.0.202111181127/tools/bin/../lib/gcc/arm-none-eabi/10.3.1/../../../../arm-none-eabi/lib/thumb/v7e-m+fp/hard\libc.a
LOAD c:/st/stm32cubeide_1.9.0/stm32cubeide/plugins/com.st.stm32cube.ide.mcu.externaltools.gnu-tools-for-stm32.10.3-2021.10.win32_1.0.0.202111181127/tools/bin/../lib/gcc/arm-none-eabi/10.3.1/../../../../arm-none-eabi/lib/thumb/v7e-m+fp/hard\libm.a
LOAD c:/st/stm32cubeide_1.9.0/stm32cubeide/plugins/com.st.stm32cube.ide.mcu.externaltools.gnu-tools-for-stm32.10.3-2021.10.win32_1.0.0.202111181127/tools/bin/../lib/gcc/arm-none-eabi/10.3.1/thumb/v7e-m+fp/hard\libgcc.a

.debug_info     0x0000000000000000     0xe69e
 .debug_info    0x0000000000000000      0xa12 ./Core/Lib/periferije/ENCODER/encoder.o
 .debug_info    0x0000000000000a12      0x7c3 ./Core/Lib/periferije/PWM/pwm.o
 .debug_info    0x00000000000011d5      0x676 ./Core/Lib/periferije/TIM11/tim11.o
 .debug_info    0x000000000000184b     0x15ab ./Core/Src/main.o
 .debug_info    0x0000000000002df6     0x1046 ./Core/Src/stm32f4xx_hal_msp.o
 .debug_info    0x0000000000003e3c      0x828 ./Core/Src/stm32f4xx_it.o
 .debug_info    0x0000000000004664      0x54f ./Core/Src/system_stm32f4xx.o
 .debug_info    0x0000000000004bb3       0x22 ./Core/Startup/startup_stm32f401retx.o
 .debug_info    0x0000000000004bd5      0x907 ./Drivers/STM32F4xx_HAL_Driver/Src/stm32f4xx_hal.o
 .debug_info    0x00000000000054dc      0xd85 ./Drivers/STM32F4xx_HAL_Driver/Src/stm32f4xx_hal_cortex.o
 .debug_info    0x0000000000006261      0x78e ./Drivers/STM32F4xx_HAL_Driver/Src/stm32f4xx_hal_gpio.o
 .debug_info    0x00000000000069ef      0x98d ./Drivers/STM32F4xx_HAL_Driver/Src/stm32f4xx_hal_rcc.o
 .debug_info    0x000000000000737c     0x2bb7 ./Drivers/STM32F4xx_HAL_Driver/Src/stm32f4xx_hal_tim.o
 .debug_info    0x0000000000009f33     0x15d8 ./Drivers/STM32F4xx_HAL_Driver/Src/stm32f4xx_hal_tim_ex.o
 .debug_info    0x000000000000b50b     0x3193 ./Drivers/STM32F4xx_HAL_Driver/Src/stm32f4xx_hal_uart.o

.debug_abbrev   0x0000000000000000     0x1ded
 .debug_abbrev  0x0000000000000000      0x218 ./Core/Lib/periferije/ENCODER/encoder.o
 .debug_abbrev  0x0000000000000218      0x188 ./Core/Lib/periferije/PWM/pwm.o
 .debug_abbrev  0x00000000000003a0      0x129 ./Core/Lib/periferije/TIM11/tim11.o
 .debug_abbrev  0x00000000000004c9      0x2a6 ./Core/Src/main.o
 .debug_abbrev  0x000000000000076f      0x203 ./Core/Src/stm32f4xx_hal_msp.o
 .debug_abbrev  0x0000000000000972      0x1af ./Core/Src/stm32f4xx_it.o
 .debug_abbrev  0x0000000000000b21      0x116 ./Core/Src/system_stm32f4xx.o
 .debug_abbrev  0x0000000000000c37       0x12 ./Core/Startup/startup_stm32f401retx.o
 .debug_abbrev  0x0000000000000c49      0x23e ./Drivers/STM32F4xx_HAL_Driver/Src/stm32f4xx_hal.o
 .debug_abbrev  0x0000000000000e87      0x316 ./Drivers/STM32F4xx_HAL_Driver/Src/stm32f4xx_hal_cortex.o
 .debug_abbrev  0x000000000000119d      0x1c4 ./Drivers/STM32F4xx_HAL_Driver/Src/stm32f4xx_hal_gpio.o
 .debug_abbrev  0x0000000000001361      0x2aa ./Drivers/STM32F4xx_HAL_Driver/Src/stm32f4xx_hal_rcc.o
 .debug_abbrev  0x000000000000160b      0x26e ./Drivers/STM32F4xx_HAL_Driver/Src/stm32f4xx_hal_tim.o
 .debug_abbrev  0x0000000000001879      0x276 ./Drivers/STM32F4xx_HAL_Driver/Src/stm32f4xx_hal_tim_ex.o
 .debug_abbrev  0x0000000000001aef      0x2fe ./Drivers/STM32F4xx_HAL_Driver/Src/stm32f4xx_hal_uart.o

.debug_aranges  0x0000000000000000      0xcb0
 .debug_aranges
                0x0000000000000000       0x70 ./Core/Lib/periferije/ENCODER/encoder.o
 .debug_aranges
                0x0000000000000070       0x70 ./Core/Lib/periferije/PWM/pwm.o
 .debug_aranges
                0x00000000000000e0       0x28 ./Core/Lib/periferije/TIM11/tim11.o
 .debug_aranges
                0x0000000000000108       0x58 ./Core/Src/main.o
 .debug_aranges
                0x0000000000000160       0x58 ./Core/Src/stm32f4xx_hal_msp.o
 .debug_aranges
                0x00000000000001b8       0x88 ./Core/Src/stm32f4xx_it.o
 .debug_aranges
                0x0000000000000240       0x28 ./Core/Src/system_stm32f4xx.o
 .debug_aranges
                0x0000000000000268       0x28 ./Core/Startup/startup_stm32f401retx.o
 .debug_aranges
                0x0000000000000290       0xf0 ./Drivers/STM32F4xx_HAL_Driver/Src/stm32f4xx_hal.o
 .debug_aranges
                0x0000000000000380      0x118 ./Drivers/STM32F4xx_HAL_Driver/Src/stm32f4xx_hal_cortex.o
 .debug_aranges
                0x0000000000000498       0x58 ./Drivers/STM32F4xx_HAL_Driver/Src/stm32f4xx_hal_gpio.o
 .debug_aranges
                0x00000000000004f0       0x88 ./Drivers/STM32F4xx_HAL_Driver/Src/stm32f4xx_hal_rcc.o
 .debug_aranges
                0x0000000000000578      0x3d0 ./Drivers/STM32F4xx_HAL_Driver/Src/stm32f4xx_hal_tim.o
 .debug_aranges
                0x0000000000000948      0x168 ./Drivers/STM32F4xx_HAL_Driver/Src/stm32f4xx_hal_tim_ex.o
 .debug_aranges
                0x0000000000000ab0      0x200 ./Drivers/STM32F4xx_HAL_Driver/Src/stm32f4xx_hal_uart.o

.debug_ranges   0x0000000000000000      0xbf8
 .debug_ranges  0x0000000000000000       0x60 ./Core/Lib/periferije/ENCODER/encoder.o
 .debug_ranges  0x0000000000000060       0x60 ./Core/Lib/periferije/PWM/pwm.o
 .debug_ranges  0x00000000000000c0       0x18 ./Core/Lib/periferije/TIM11/tim11.o
 .debug_ranges  0x00000000000000d8       0x48 ./Core/Src/main.o
 .debug_ranges  0x0000000000000120       0x48 ./Core/Src/stm32f4xx_hal_msp.o
 .debug_ranges  0x0000000000000168       0x78 ./Core/Src/stm32f4xx_it.o
 .debug_ranges  0x00000000000001e0       0x18 ./Core/Src/system_stm32f4xx.o
 .debug_ranges  0x00000000000001f8       0x20 ./Core/Startup/startup_stm32f401retx.o
 .debug_ranges  0x0000000000000218       0xe0 ./Drivers/STM32F4xx_HAL_Driver/Src/stm32f4xx_hal.o
 .debug_ranges  0x00000000000002f8      0x108 ./Drivers/STM32F4xx_HAL_Driver/Src/stm32f4xx_hal_cortex.o
 .debug_ranges  0x0000000000000400       0x48 ./Drivers/STM32F4xx_HAL_Driver/Src/stm32f4xx_hal_gpio.o
 .debug_ranges  0x0000000000000448       0x78 ./Drivers/STM32F4xx_HAL_Driver/Src/stm32f4xx_hal_rcc.o
 .debug_ranges  0x00000000000004c0      0x3c0 ./Drivers/STM32F4xx_HAL_Driver/Src/stm32f4xx_hal_tim.o
 .debug_ranges  0x0000000000000880      0x158 ./Drivers/STM32F4xx_HAL_Driver/Src/stm32f4xx_hal_tim_ex.o
 .debug_ranges  0x00000000000009d8      0x220 ./Drivers/STM32F4xx_HAL_Driver/Src/stm32f4xx_hal_uart.o

.debug_macro    0x0000000000000000    0x16ad0
 .debug_macro   0x0000000000000000      0x2c2 ./Core/Lib/periferije/ENCODER/encoder.o
 .debug_macro   0x00000000000002c2      0xa78 ./Core/Lib/periferije/ENCODER/encoder.o
 .debug_macro   0x0000000000000d3a       0x22 ./Core/Lib/periferije/ENCODER/encoder.o
 .debug_macro   0x0000000000000d5c       0x8e ./Core/Lib/periferije/ENCODER/encoder.o
 .debug_macro   0x0000000000000dea       0x51 ./Core/Lib/periferije/ENCODER/encoder.o
 .debug_macro   0x0000000000000e3b      0x103 ./Core/Lib/periferije/ENCODER/encoder.o
 .debug_macro   0x0000000000000f3e       0x6a ./Core/Lib/periferije/ENCODER/encoder.o
 .debug_macro   0x0000000000000fa8      0x1df ./Core/Lib/periferije/ENCODER/encoder.o
 .debug_macro   0x0000000000001187       0x2e ./Core/Lib/periferije/ENCODER/encoder.o
 .debug_macro   0x00000000000011b5       0x28 ./Core/Lib/periferije/ENCODER/encoder.o
 .debug_macro   0x00000000000011dd       0x1c ./Core/Lib/periferije/ENCODER/encoder.o
 .debug_macro   0x00000000000011f9       0x22 ./Core/Lib/periferije/ENCODER/encoder.o
 .debug_macro   0x000000000000121b       0xd9 ./Core/Lib/periferije/ENCODER/encoder.o
 .debug_macro   0x00000000000012f4     0x102d ./Core/Lib/periferije/ENCODER/encoder.o
 .debug_macro   0x0000000000002321      0x11f ./Core/Lib/periferije/ENCODER/encoder.o
 .debug_macro   0x0000000000002440     0xb86c ./Core/Lib/periferije/ENCODER/encoder.o
 .debug_macro   0x000000000000dcac       0x6d ./Core/Lib/periferije/ENCODER/encoder.o
 .debug_macro   0x000000000000dd19      0x29b ./Core/Lib/periferije/ENCODER/encoder.o
 .debug_macro   0x000000000000dfb4     0x3666 ./Core/Lib/periferije/ENCODER/encoder.o
 .debug_macro   0x000000000001161a      0x174 ./Core/Lib/periferije/ENCODER/encoder.o
 .debug_macro   0x000000000001178e       0x5c ./Core/Lib/periferije/ENCODER/encoder.o
 .debug_macro   0x00000000000117ea      0x416 ./Core/Lib/periferije/ENCODER/encoder.o
 .debug_macro   0x0000000000011c00      0x9fe ./Core/Lib/periferije/ENCODER/encoder.o
 .debug_macro   0x00000000000125fe      0x116 ./Core/Lib/periferije/ENCODER/encoder.o
 .debug_macro   0x0000000000012714       0xf8 ./Core/Lib/periferije/ENCODER/encoder.o
 .debug_macro   0x000000000001280c       0xa5 ./Core/Lib/periferije/ENCODER/encoder.o
 .debug_macro   0x00000000000128b1      0x15f ./Core/Lib/periferije/ENCODER/encoder.o
 .debug_macro   0x0000000000012a10      0x287 ./Core/Lib/periferije/ENCODER/encoder.o
 .debug_macro   0x0000000000012c97       0x5f ./Core/Lib/periferije/ENCODER/encoder.o
 .debug_macro   0x0000000000012cf6      0x236 ./Core/Lib/periferije/ENCODER/encoder.o
 .debug_macro   0x0000000000012f2c      0x132 ./Core/Lib/periferije/ENCODER/encoder.o
 .debug_macro   0x000000000001305e      0x264 ./Core/Lib/periferije/ENCODER/encoder.o
 .debug_macro   0x00000000000132c2       0x2e ./Core/Lib/periferije/ENCODER/encoder.o
 .debug_macro   0x00000000000132f0      0x11a ./Core/Lib/periferije/ENCODER/encoder.o
 .debug_macro   0x000000000001340a       0x85 ./Core/Lib/periferije/ENCODER/encoder.o
 .debug_macro   0x000000000001348f       0x89 ./Core/Lib/periferije/ENCODER/encoder.o
 .debug_macro   0x0000000000013518      0x8d1 ./Core/Lib/periferije/ENCODER/encoder.o
 .debug_macro   0x0000000000013de9       0x47 ./Core/Lib/periferije/ENCODER/encoder.o
 .debug_macro   0x0000000000013e30      0x295 ./Core/Lib/periferije/ENCODER/encoder.o
 .debug_macro   0x00000000000140c5      0x126 ./Core/Lib/periferije/ENCODER/encoder.o
 .debug_macro   0x00000000000141eb       0x52 ./Core/Lib/periferije/ENCODER/encoder.o
 .debug_macro   0x000000000001423d       0x1e ./Core/Lib/periferije/ENCODER/encoder.o
 .debug_macro   0x000000000001425b       0x3c ./Core/Lib/periferije/ENCODER/encoder.o
 .debug_macro   0x0000000000014297       0x34 ./Core/Lib/periferije/ENCODER/encoder.o
 .debug_macro   0x00000000000142cb       0x16 ./Core/Lib/periferije/ENCODER/encoder.o
 .debug_macro   0x00000000000142e1       0x43 ./Core/Lib/periferije/ENCODER/encoder.o
 .debug_macro   0x0000000000014324       0x34 ./Core/Lib/periferije/ENCODER/encoder.o
 .debug_macro   0x0000000000014358       0x10 ./Core/Lib/periferije/ENCODER/encoder.o
 .debug_macro   0x0000000000014368       0x58 ./Core/Lib/periferije/ENCODER/encoder.o
 .debug_macro   0x00000000000143c0       0x71 ./Core/Lib/periferije/ENCODER/encoder.o
 .debug_macro   0x0000000000014431       0x1c ./Core/Lib/periferije/ENCODER/encoder.o
 .debug_macro   0x000000000001444d      0x12a ./Core/Lib/periferije/ENCODER/encoder.o
 .debug_macro   0x0000000000014577      0x341 ./Core/Lib/periferije/ENCODER/encoder.o
 .debug_macro   0x00000000000148b8       0x10 ./Core/Lib/periferije/ENCODER/encoder.o
 .debug_macro   0x00000000000148c8       0x35 ./Core/Lib/periferije/ENCODER/encoder.o
 .debug_macro   0x00000000000148fd       0x20 ./Core/Lib/periferije/ENCODER/encoder.o
 .debug_macro   0x000000000001491d       0x22 ./Core/Lib/periferije/ENCODER/encoder.o
 .debug_macro   0x000000000001493f      0x19b ./Core/Lib/periferije/ENCODER/encoder.o
 .debug_macro   0x0000000000014ada      0x343 ./Core/Lib/periferije/PWM/pwm.o
 .debug_macro   0x0000000000014e1d       0x4c ./Core/Lib/periferije/PWM/pwm.o
 .debug_macro   0x0000000000014e69       0x16 ./Core/Lib/periferije/PWM/pwm.o
 .debug_macro   0x0000000000014e7f       0x16 ./Core/Lib/periferije/PWM/pwm.o
 .debug_macro   0x0000000000014e95       0x29 ./Core/Lib/periferije/PWM/pwm.o
 .debug_macro   0x0000000000014ebe      0x343 ./Core/Lib/periferije/TIM11/tim11.o
 .debug_macro   0x0000000000015201      0x343 ./Core/Src/main.o
 .debug_macro   0x0000000000015544      0x343 ./Core/Src/stm32f4xx_hal_msp.o
 .debug_macro   0x0000000000015887      0x34d ./Core/Src/stm32f4xx_it.o
 .debug_macro   0x0000000000015bd4      0x1ce ./Core/Src/system_stm32f4xx.o
 .debug_macro   0x0000000000015da2      0x22e ./Drivers/STM32F4xx_HAL_Driver/Src/stm32f4xx_hal.o
 .debug_macro   0x0000000000015fd0      0x1ce ./Drivers/STM32F4xx_HAL_Driver/Src/stm32f4xx_hal_cortex.o
 .debug_macro   0x000000000001619e      0x1d4 ./Drivers/STM32F4xx_HAL_Driver/Src/stm32f4xx_hal_gpio.o
 .debug_macro   0x0000000000016372      0x1f2 ./Drivers/STM32F4xx_HAL_Driver/Src/stm32f4xx_hal_rcc.o
 .debug_macro   0x0000000000016564      0x1cf ./Drivers/STM32F4xx_HAL_Driver/Src/stm32f4xx_hal_tim.o
 .debug_macro   0x0000000000016733      0x1ce ./Drivers/STM32F4xx_HAL_Driver/Src/stm32f4xx_hal_tim_ex.o
 .debug_macro   0x0000000000016901      0x1cf ./Drivers/STM32F4xx_HAL_Driver/Src/stm32f4xx_hal_uart.o

.debug_line     0x0000000000000000     0xfe2e
 .debug_line    0x0000000000000000      0x9c9 ./Core/Lib/periferije/ENCODER/encoder.o
 .debug_line    0x00000000000009c9     0x11b6 ./Core/Lib/periferije/PWM/pwm.o
 .debug_line    0x0000000000001b7f      0xb6e ./Core/Lib/periferije/TIM11/tim11.o
 .debug_line    0x00000000000026ed     0x11f8 ./Core/Src/main.o
 .debug_line    0x00000000000038e5      0xbe4 ./Core/Src/stm32f4xx_hal_msp.o
 .debug_line    0x00000000000044c9      0xbed ./Core/Src/stm32f4xx_it.o
 .debug_line    0x00000000000050b6      0x739 ./Core/Src/system_stm32f4xx.o
 .debug_line    0x00000000000057ef       0x88 ./Core/Startup/startup_stm32f401retx.o
 .debug_line    0x0000000000005877      0x99f ./Drivers/STM32F4xx_HAL_Driver/Src/stm32f4xx_hal.o
 .debug_line    0x0000000000006216      0xc4e ./Drivers/STM32F4xx_HAL_Driver/Src/stm32f4xx_hal_cortex.o
 .debug_line    0x0000000000006e64      0xad9 ./Drivers/STM32F4xx_HAL_Driver/Src/stm32f4xx_hal_gpio.o
 .debug_line    0x000000000000793d      0xd1b ./Drivers/STM32F4xx_HAL_Driver/Src/stm32f4xx_hal_rcc.o
 .debug_line    0x0000000000008658     0x3479 ./Drivers/STM32F4xx_HAL_Driver/Src/stm32f4xx_hal_tim.o
 .debug_line    0x000000000000bad1     0x1937 ./Drivers/STM32F4xx_HAL_Driver/Src/stm32f4xx_hal_tim_ex.o
 .debug_line    0x000000000000d408     0x2a26 ./Drivers/STM32F4xx_HAL_Driver/Src/stm32f4xx_hal_uart.o

.debug_str      0x0000000000000000    0x8ce01
 .debug_str     0x0000000000000000    0x89642 ./Core/Lib/periferije/ENCODER/encoder.o
                                      0x89a1a (size before relaxing)
 .debug_str     0x0000000000089642      0x4b6 ./Core/Lib/periferije/PWM/pwm.o
                                      0x89758 (size before relaxing)
 .debug_str     0x0000000000089af8      0x1a1 ./Core/Lib/periferije/TIM11/tim11.o
                                      0x89696 (size before relaxing)
 .debug_str     0x0000000000089c99      0x7ca ./Core/Src/main.o
                                      0x8a341 (size before relaxing)
 .debug_str     0x000000000008a463      0x4a3 ./Core/Src/stm32f4xx_hal_msp.o
                                      0x8a1b9 (size before relaxing)
 .debug_str     0x000000000008a906      0x13a ./Core/Src/stm32f4xx_it.o
                                      0x89ad3 (size before relaxing)
 .debug_str     0x000000000008aa40       0xdb ./Core/Src/system_stm32f4xx.o
                                      0x85d7d (size before relaxing)
 .debug_str     0x000000000008ab1b       0x36 ./Core/Startup/startup_stm32f401retx.o
                                         0x5f (size before relaxing)
 .debug_str     0x000000000008ab51      0x60d ./Drivers/STM32F4xx_HAL_Driver/Src/stm32f4xx_hal.o
                                      0x8679f (size before relaxing)
 .debug_str     0x000000000008b15e      0x2f2 ./Drivers/STM32F4xx_HAL_Driver/Src/stm32f4xx_hal_cortex.o
                                      0x864c0 (size before relaxing)
 .debug_str     0x000000000008b450      0x11c ./Drivers/STM32F4xx_HAL_Driver/Src/stm32f4xx_hal_gpio.o
                                      0x85ef8 (size before relaxing)
 .debug_str     0x000000000008b56c      0x233 ./Drivers/STM32F4xx_HAL_Driver/Src/stm32f4xx_hal_rcc.o
                                      0x861b1 (size before relaxing)
 .debug_str     0x000000000008b79f      0xc7d ./Drivers/STM32F4xx_HAL_Driver/Src/stm32f4xx_hal_tim.o
                                      0x870e5 (size before relaxing)
 .debug_str     0x000000000008c41c      0x3e1 ./Drivers/STM32F4xx_HAL_Driver/Src/stm32f4xx_hal_tim_ex.o
                                      0x86901 (size before relaxing)
 .debug_str     0x000000000008c7fd      0x604 ./Drivers/STM32F4xx_HAL_Driver/Src/stm32f4xx_hal_uart.o
                                      0x8673e (size before relaxing)

.comment        0x0000000000000000       0x50
 .comment       0x0000000000000000       0x50 ./Core/Lib/periferije/ENCODER/encoder.o
                                         0x51 (size before relaxing)
 .comment       0x0000000000000050       0x51 ./Core/Lib/periferije/PWM/pwm.o
 .comment       0x0000000000000050       0x51 ./Core/Lib/periferije/TIM11/tim11.o
 .comment       0x0000000000000050       0x51 ./Core/Src/main.o
 .comment       0x0000000000000050       0x51 ./Core/Src/stm32f4xx_hal_msp.o
 .comment       0x0000000000000050       0x51 ./Core/Src/stm32f4xx_it.o
 .comment       0x0000000000000050       0x51 ./Core/Src/system_stm32f4xx.o
 .comment       0x0000000000000050       0x51 ./Drivers/STM32F4xx_HAL_Driver/Src/stm32f4xx_hal.o
 .comment       0x0000000000000050       0x51 ./Drivers/STM32F4xx_HAL_Driver/Src/stm32f4xx_hal_cortex.o
 .comment       0x0000000000000050       0x51 ./Drivers/STM32F4xx_HAL_Driver/Src/stm32f4xx_hal_gpio.o
 .comment       0x0000000000000050       0x51 ./Drivers/STM32F4xx_HAL_Driver/Src/stm32f4xx_hal_rcc.o
 .comment       0x0000000000000050       0x51 ./Drivers/STM32F4xx_HAL_Driver/Src/stm32f4xx_hal_tim.o
 .comment       0x0000000000000050       0x51 ./Drivers/STM32F4xx_HAL_Driver/Src/stm32f4xx_hal_tim_ex.o